Archive member included because of file (symbol)

../../Compiler/SGL_302j/LIB_COFF/SEGA_SYS.A(sys_exit.o)
                              ../../jo_engine/core.o (SYS_Exit)
../../Compiler/SGL_302j/LIB_COFF/SEGA_SYS.A(sys_sub.o)
                              ../../Compiler/SGL_302j/LIB_COFF/SEGA_SYS.A(sys_exit.o) (SYSUB_SetStackptr)
../../Compiler/SGL_302j/LIB_COFF/LIBCD.A(CDC_DRV.O)
                              ../../jo_engine/audio.o (CDC_CdPlay)
../../Compiler/SGL_302j/LIB_COFF/LIBCD.A(CDC_CMN.O)
                              ../../Compiler/SGL_302j/LIB_COFF/SEGA_SYS.A(sys_exit.o) (CDC_GetCurStat)
../../Compiler/SGL_302j/LIB_COFF/LIBCD.A(GFS.O)
                              ../../jo_engine/fs.o (GFS_Init)
../../Compiler/SGL_302j/LIB_COFF/LIBCD.A(CDC_REG.O)
                              ../../Compiler/SGL_302j/LIB_COFF/SEGA_SYS.A(sys_exit.o) (CDC_GetHirqReq)
../../Compiler/SGL_302j/LIB_COFF/LIBCD.A(CDC_CFS.O)
                              ../../Compiler/SGL_302j/LIB_COFF/SEGA_SYS.A(sys_exit.o) (CDC_ChgDir)
../../Compiler/SGL_302j/LIB_COFF/LIBCD.A(CDC_SUB.O)
                              ../../Compiler/SGL_302j/LIB_COFF/LIBCD.A(CDC_CMN.O) (CDSUB_UpdStatus)
../../Compiler/SGL_302j/LIB_COFF/LIBCD.A(GFS_CDF.O)
                              ../../Compiler/SGL_302j/LIB_COFF/LIBCD.A(GFS.O) (GFCF_Init)
../../Compiler/SGL_302j/LIB_COFF/LIBCD.A(GFS_DIR.O)
                              ../../Compiler/SGL_302j/LIB_COFF/LIBCD.A(GFS.O) (GFDR_SetupDirTbl)
../../Compiler/SGL_302j/LIB_COFF/LIBCD.A(GFS_TRN.O)
                              ../../Compiler/SGL_302j/LIB_COFF/LIBCD.A(GFS.O) (GFTR_Setup)
../../Compiler/SGL_302j/LIB_COFF/LIBCD.A(GFS_BUF.O)
                              ../../Compiler/SGL_302j/LIB_COFF/LIBCD.A(GFS.O) (GFBF_GetNumData)
../../Compiler/SGL_302j/LIB_COFF/LIBCD.A(GFS_CDB.O)
                              ../../Compiler/SGL_302j/LIB_COFF/LIBCD.A(GFS_CDF.O) (GFCB_Setup)
../../Compiler/SGL_302j/LIB_COFF/LIBCD.A(GFS_CDC.O)
                              ../../Compiler/SGL_302j/LIB_COFF/LIBCD.A(GFS.O) (GFCD_SetCdbfs)
../../Compiler/SGL_302j/LIB_COFF/LIBCD.A(CDC_BIO.O)
                              ../../Compiler/SGL_302j/LIB_COFF/LIBCD.A(GFS_CDC.O) (CDC_SetSctLen)
../../Compiler/SGL_302j/LIB_COFF/LIBCD.A(CDC_SEL.O)
                              ../../Compiler/SGL_302j/LIB_COFF/LIBCD.A(GFS_CDC.O) (CDC_SetFiltRange)
../../Compiler/SGL_302j/LIB_COFF/LIBCD.A(CDC_BIF.O)
                              ../../Compiler/SGL_302j/LIB_COFF/LIBCD.A(GFS_CDC.O) (CDC_GetBufSiz)
../../Compiler/SGL_302j/LIB_COFF/LIBCD.A(CDC_DEV.O)
                              ../../Compiler/SGL_302j/LIB_COFF/LIBCD.A(GFS_CDC.O) (CDC_CdSetCon)
../../Compiler/SGL_302j/LIB_COFF/LIBSGL.A(sglH00.o)
                              main.o (Smpc_Peripheral)
../../Compiler/SGL_302j/LIB_COFF/LIBSGL.A(sglG01.o)
                              ../../jo_engine/audio.o (slSndVolume)
../../Compiler/SGL_302j/LIB_COFF/LIBSGL.A(sglG00.o)
                              ../../jo_engine/audio.o (slInitSound)
../../Compiler/SGL_302j/LIB_COFF/LIBSGL.A(sglG19.o)
                              ../../jo_engine/audio.o (slCDDAOn)
../../Compiler/SGL_302j/LIB_COFF/LIBSGL.A(sglG25.o)
                              ../../jo_engine/audio.o (slPCMStat)
../../Compiler/SGL_302j/LIB_COFF/LIBSGL.A(sglG21.o)
                              ../../jo_engine/audio.o (slPCMOn)
../../Compiler/SGL_302j/LIB_COFF/LIBSGL.A(sglG22.o)
                              ../../jo_engine/audio.o (slPCMOff)
../../Compiler/SGL_302j/LIB_COFF/LIBSGL.A(sglI01.o)
                              ../../jo_engine/core.o (slSynch)
../../Compiler/SGL_302j/LIB_COFF/LIBSGL.A(sglF00.o)
                              ../../jo_engine/core.o (slCurColor)
../../Compiler/SGL_302j/LIB_COFF/LIBSGL.A(sglIc0.o)
                              ../../jo_engine/core.o (slInitSystem)
../../Compiler/SGL_302j/LIB_COFF/LIBSGL.A(sglB001.o)
                              ../../jo_engine/core.o (slTVOn)
../../Compiler/SGL_302j/LIB_COFF/LIBSGL.A(sglB063.o)
                              ../../jo_engine/core.o (slPriority)
../../Compiler/SGL_302j/LIB_COFF/LIBSGL.A(sglB016.o)
                              ../../jo_engine/core.o (slBack1ColSet)
../../Compiler/SGL_302j/LIB_COFF/LIBSGL.A(sglB200.o)
                              ../../jo_engine/core.o (slCharNbg0)
../../Compiler/SGL_302j/LIB_COFF/LIBSGL.A(sglB056.o)
                              ../../jo_engine/core.o (slPlaneNbg1)
../../Compiler/SGL_302j/LIB_COFF/LIBSGL.A(sglB032.o)
                              ../../jo_engine/core.o (slMapNbg1)
../../Compiler/SGL_302j/LIB_COFF/LIBSGL.A(sglB011.o)
                              ../../jo_engine/core.o (slBitMapNbg1)
../../Compiler/SGL_302j/LIB_COFF/LIBSGL.A(sglB053.o)
                              ../../jo_engine/core.o (slZoomNbg1)
../../Compiler/SGL_302j/LIB_COFF/LIBSGL.A(sglB015.o)
                              ../../jo_engine/core.o (slScrAutoDisp)
../../Compiler/SGL_302j/LIB_COFF/LIBSGL.A(sglF05.o)
[...]
Memory Configuration

Name             Origin             Length             Attributes
*default*        0x00000000         0xffffffff

Linker script and memory map

TARGET(coff-sh)

SLSTART         0x06004000       0x30
                0x06004000                ___Start = .
 *(SLSTART)
 SLSTART        0x06004000       0x28 ../../Compiler/SGL_302j/LIB_COFF/LIBSGL.A(sglI00.o)
                0x06004002                slStartSGL
                0x06004000                SGL_Start

.text           0x06004040    0x16d60
 *(.text)
 .text          0x06004040      0xd80 main.o
                0x06004040                ball_move
                0x060044b4                jo_main
                0x06004190                ball_collision
                0x060045d0                my_gamepad
                0x0600487c                game_draw
                0x06004a74                main_menu_draw
                0x06004c2e                my_draw
                0x060043e0                load_pow_sprites
                0x06004410                change_background
                0x06004344                reset
                0x060043b6                load_audio
 .text          0x06004dc0      0x790 ../../jo_engine/tga.o
                0x06005410                jo_tga_loader_from_stream
                0x06005340                jo_sprite_add_tga
                0x060054b0                jo_sprite_add_tga_from_stream
                0x0600529c                jo_tga_loader
                0x06004f36                jo_sprite_add_tga_tileset
                0x06004dfe                __jo_tga_load
 .text          0x06005550      0x430 ../../jo_engine/audio.o
                0x060055b4                jo_audio_init
                0x060057b8                jo_audio_usage_percent
                0x06005826                jo_audio_free_pcm
                0x06005594                jo_audio_stop_cd
                0x0600564e                jo_audio_play_sound_on_channel
                0x06005722                jo_audio_play_sound
                0x06005874                jo_audio_stop_sound
                0x0600591e                jo_audio_load_pcm
                0x06005550                jo_audio_play_cd_track
                0x06005588                jo_audio_set_volume
 .text          0x06005980      0x9c0 ../../jo_engine/fs.o
                0x0600623c                jo_fs_seek_forward
                0x06006070                jo_fs_read_file
                0x06005ffa                jo_fs_set_read_sector_count
                0x0600599e                jo_fs_init
                0x06005d96                jo_fs_open
                0x06005b7a                jo_fs_read_file_async
                0x06005f88                jo_fs_close
                0x06005ea4                jo_fs_read_next_bytes
                0x06005ce4                jo_fs_cd
                0x06005a24                jo_fs_do_background_jobs
                0x060061c8                jo_fs_read_file_in_dir
 .text          0x06006340      0x570 ../../jo_engine/font.o
                0x0600664c                jo_font_print_centered
                0x0600679a                jo_font_print
                0x060063b6                jo_font_load
 .text          0x060068b0       0x50 ../../jo_engine/input.o
                0x060068b0                jo_get_input_type
 .text          0x06006900      0x890 ../../jo_engine/core.o
                0x06006972                jo_core_suspend
                0x060070a6                jo_core_add_callback
                0x06007056                jo_core_exec_on_slave
                0x060070f0                jo_core_run
                0x06006d46                jo_core_remove_slave_callback
                0x06006cc8                jo_dump_vdp1_registers
                0x0600690e                jo_goto_boot_menu
                0x06006db6                jo_core_add_slave_callback
                0x06006ade                __jo_core_error
                0x06006e18                jo_core_remove_callback
                0x06006c54                jo_dump_vdp2_registers
                0x06006e86                jo_core_init
                0x06006918                main
 .text          0x06007190      0x3c0 ../../jo_engine/math.o
                0x06007190                jo_random
                0x0600748c                jo_planar_rotate
                0x060073c4                jo_sqrt
                0x06007430                jo_gcd
                0x06007204                jo_atan2f_rad
 .text          0x06007550      0x400 ../../jo_engine/malloc.o
                0x060078cc                jo_memory_fragmentation
                0x0600779c                jo_memory_usage_percent
                0x06007550                jo_add_memory_zone
                0x06007708                jo_free
                0x060075e4                jo_malloc_with_behaviour
 .text          0x06007950      0x450 ../../jo_engine/tools.o
                0x06007d0c                jo_endwith
                0x06007bb0                jo_getdate
                0x060079fa                jo_clear_screen
                0x06007ab2                jo_strlen
                0x060079b8                jo_get_current_language
                0x06007a46                jo_tools_atoi
                0x06007968                jo_print
                0x06007afc                jo_memset
                0x06007b50                jo_map_to_vram
 .text          0x06007da0      0x8a0 ../../jo_engine/sprites.o
                0x06008228                jo_sprite_usage_percent
                0x0600847e                jo_sprite_add_8bits_image
                0x06008532                jo_sprite_draw
                0x06007da0                jo_get_last_sprite_id
                0x06007e28                jo_sprite_init
                0x06007e72                jo_sprite_name2id
                0x06007f42                jo_sprite_draw_rotate
                0x06008124                jo_sprite_replace
                0x06007ee4                jo_set_gouraud_shading_colors
                0x06007dac                jo_sprite_free_from
                0x06007f0c                jo_set_gouraud_shading_brightness
                0x060084da                jo_sprite_add
 .text          0x06008640      0x8e0 ../../jo_engine/map.o
                0x06008cf8                jo_map_per_pixel_vertical_collision
                0x06008e40                jo_map_draw
                0x0600865e                jo_map_create
                0x060087ac                jo_map_add_tile
                0x060087d0                jo_map_add_animated_tile
                0x060089fa                jo_map_load_from_file
                0x06008880                jo_map_free
                0x06008898                jo_map_move_tiles_by_attribute
                0x06008908                jo_map_hitbox_detection_custom_boundaries
                0x060087f4                jo_map_draw_background
 .text          0x06008f20       0xf0 ../../jo_engine/list.o
                0x06008f20                jo_list_remove
                0x06008f64                jo_list_init
                0x06008f8e                jo_list_add
 .text          0x06009010      0x280 ../../jo_engine/sprite_animator.o
                0x06009268                jo_clear_all_sprite_anim
                0x060091ac                jo_create_sprite_anim
                0x060090ce                jo_replace_sprite_anim
 .text          0x06009290      0x800 ../../jo_engine/image.o
                0x060092a8                jo_free_img
                0x06009952                jo_sprite_add_image_pack
                0x06009372                __jo_bin_load
                0x06009302                jo_replace_color
                0x06009700                jo_sprite_add_bin_from_stream
                0x060095de                jo_bin_loader_from_stream
                0x06009426                jo_sprite_add_bin_tileset
                0x060097a0                jo_bin_loader
                0x06009832                jo_sprite_add_bin
 .text          0x06009a90      0x170 ../../jo_engine/background.o
                0x06009bb0                jo_clear_background
                0x06009b20                jo_set_background_sprite
                0x06009a90                jo_draw_background_line
 .text          0x06009c00      0x120 ../../jo_engine/time.o
                0x06009cec                jo_time_init
                0x06009c00                jo_get_ticks
 .text          0x06009d20      0x238 ../../Compiler/SGL_302j/LIB_COFF/SEGA_SYS.A(sys_exit.o)
                0x06009d40                SYS_Exit
                0x06009d20                sys_version
 *fill*         0x06009f58        0x8 00
 .text          0x06009f60        0x6 ../../Compiler/SGL_302j/LIB_COFF/SEGA_SYS.A(sys_sub.o)
                0x06009f60                SYSUB_SetStackptr
 *fill*         0x06009f66        0xa 00
 .text          0x06009f70      0x130 ../../Compiler/SGL_302j/LIB_COFF/LIBCD.A(CDC_DRV.O)
                0x06009f70                CDC_CdPlay
                0x0600a03c                CDC_CdSeek
                0x0600a070                CDC_CdScan
 .text          0x0600a0a0      0x3a0 ../../Compiler/SGL_302j/LIB_COFF/LIBCD.A(CDC_CMN.O)
                0x0600a244                CDC_TgetToc
                0x0600a3e8                CDC_DataEnd
                0x0600a108                CDC_GetPeriStat
                0x0600a37c                CDC_DataReady
                0x0600a354                CDC_CdOpen
                0x0600a2d0                CDC_CdInit
                0x0600a294                CDC_GetSes
                0x0600a0f0                CDC_GetLastStat
                0x0600a0a0                CDC_GetCurStat
                0x0600a1dc                CDC_GetHwInfo
 .text          0x0600a440     0x1adc ../../Compiler/SGL_302j/LIB_COFF/LIBCD.A(GFS.O)
                0x0600a440                gfs_version
                0x0600b6b0                gfs_mngGetNumFile
                0x0600be0c                gfs_closeSub
                0x0600b1cc                GFS_SetGmode
                0x0600b488                GFS_SetErrFunc
                0x0600b5d8                gfs_mngSetupFuncTbl
                0x0600a798                GFS_Reset
                0x0600b500                gfs_chgRoot
                0x0600b5cc                gfs_aborttrans
                0x0600b8b0                gfs_svrAddHndl
                0x0600b760                gfs_mngFreeGrp
                0x0600b4d8                GFS_ConvTno
                0x0600ba64                gfs_getRootDir
                0x0600b4b4                GFS_GetErrStat
                0x0600a908                GFS_Seek
                0x0600af78                GFS_NwStop
                0x0600b76c                gfs_mngTermAccess
                0x0600a81c                GFS_Open
                0x0600b718                GFS_mngAllocGrp
                0x0600be54                gfs_isTaskDone
                0x0600ac78                GFS_Fread
                0x0600b3d0                GFS_StartTrans
                0x0600bdcc                gfs_GetFinfo
                0x0600b60c                gfs_mngInitWork
                0x0600aa60                GFS_ByteToSct
                0x0600b870                gfs_svrSearchHndl
                0x0600bb60                gfs_loadRootDir
                0x0600a6bc                GFS_IdToName
                0x0600adbc                GFS_NwFread
                0x0600b300                GFS_SetTransPara
                0x0600aec8                GFS_NwCdRead
                0x0600b9a0                gfs_loadVol
                0x0600b29c                GFS_SetReadPara
                0x0600a9bc                GFS_Tell
                0x0600b230                GFS_SetTmode
                0x0600bd34                GFS_GetFad
                0x0600b36c                GFS_SetTrFunc
                0x0600b41c                GFS_CdMovePickup
                0x0600a658                GFS_NameToId
                0x0600b090                GFS_NwExecOne
                0x0600bbe8                gfs_flowIn
                0x0600ab18                GFS_GetFileInfo
                0x0600bc90                gfs_transData
                0x0600b8ec                gfs_svrRemoveHndl
                0x0600af40                GFS_NwIsComplete
                0x0600be48                gfs_getGmode
                0x0600afe4                GFS_NwGetStat
                0x0600b948                GFS_OpenSub
                0x0600a5f0                GFS_SetDir
                0x0600aabc                GFS_GetFileSize
                0x0600ab8c                GFS_GetNumCdbuf
                0x0600bea8                gfs_convFinStat
                0x0600abb4                GFS_Load
                0x0600ad14                gfs_waitRead
                0x0600a548                GFS_LoadDir
                0x0600a728                GFS_GetDirInfo
                0x0600a8d0                GFS_Close
                0x0600a460                GFS_Init
                0x0600b060                gfs_recovRdErr
                0x0600b7f0                gfs_mngSetErrCode
                0x0600b150                GFS_NwExecServer
                0x0600aa0c                GFS_IsEof
                0x0600bd8c                gfs_SetSct
 *fill*         0x0600bf1c        0x4 00
 .text          0x0600bf20      0x2dc ../../Compiler/SGL_302j/LIB_COFF/LIBCD.A(CDC_REG.O)
                0x0600bf74                CDREG_ClrHirqReq
                0x0600bf44                CDC_ClrHirqReq
                0x0600bff4                CDREG_TgetData
                0x0600bfe4                CDC_GetMpegPtr
                0x0600bfc0                CDC_GetHirqMsk
                0x0600bf20                CDC_GetDataPtr
                0x0600bf30                CDC_GetHirqReq
                0x0600c150                CDREG_WaitHirq
                0x0600bfd4                CDC_SetHirqMsk
                0x0600c050                CDREG_CmdRsp
                0x0600bf84                CDREG_InitHirqReq
                0x0600bfac                CDREG_SetHirqFlag
                0x0600c1c0                CDREG_ReadRsp
 *fill*         0x0600c1fc        0x4 00
 .text          0x0600c200      0x194 ../../Compiler/SGL_302j/LIB_COFF/LIBCD.A(CDC_CFS.O)
                0x0600c200                CDC_ChgDir
                0x0600c234                CDC_ReadDir
                0x0600c358                CDC_AbortFile
                0x0600c268                CDC_GetFileScope
                0x0600c2c8                CDC_TgetFileInfo
                0x0600c324                CDC_ReadFile
 *fill*         0x0600c394        0xc 00
 .text          0x0600c3a0      0x152 ../../Compiler/SGL_302j/LIB_COFF/LIBCD.A(CDC_SUB.O)
                0x0600c448                CDSUB_GetCdstat
                0x0600c3b8                CDSUB_UpdCdstat
                0x0600c488                CDSUB_RspToCdstat
                0x0600c4d0                CDSUB_SoftTimer
                0x0600c3a0                CDSUB_UpdStatus
                0x0600c3d8                CDSUB_CdCmd
 *fill*         0x0600c4f2        0xe 00
 .text          0x0600c500      0x8d8 ../../Compiler/SGL_302j/LIB_COFF/LIBCD.A(GFS_CDF.O)
                0x0600c9f4                GFCF_Seek
                0x0600cafc                GFCF_GetStat
                0x0600c9dc                GFCF_Tell
                0x0600c5a0                GFCF_Setup
                0x0600caa8                GFCF_cnvIntlvOfs
                0x0600c500                GFCF_Init
                0x0600c994                GFCF_Recover
                0x0600c6e8                GFCF_SetSct
                0x0600ca0c                GFCF_MovePickup
                0x0600cbd0                gfcf_isCdOk
                0x0600c7a0                GFCF_FlowInBuf
                0x0600c72c                GFCF_GetFileInfo
                0x0600c8f4                GFCF_StopInBuf
                0x0600cb94                gfcf_getSctSize
                0x0600cc90                gfcf_getPlayRange
 *fill*         0x0600cdd8        0x8 00
 .text          0x0600cde0      0x92c ../../Compiler/SGL_302j/LIB_COFF/LIBCD.A(GFS_DIR.O)
                0x0600d2d0                gfdr_setNextRec
                0x0600d6d0                gfdr_setDirrecCd
                0x0600d0c8                gfdr_open
                0x0600cedc                GFDR_GetAtrDirId
                0x0600d1b0                gfdr_readByte
                0x0600cde0                GFDR_SetupDirTbl
                0x0600d2a8                gfdr_readLongNM
                0x0600d354                gfdr_readDirEnt
                0x0600cf0c                GFDR_ChgRoot
                0x0600ce54                GFDR_NameToId
                0x0600cf98                gfdr_setupDirIdTbl
                0x0600cef4                GFDR_GetAtrDirName
                0x0600ceb4                GFDR_GetInfoDirId
                0x0600d25c                gfdr_readLongNB
                0x0600d0f0                gfdr_read
                0x0600d1dc                gfdr_readWord
                0x0600d01c                gfdr_setupDirNameTbl
                0x0600cec8                GFDR_GetInfoDirName
                0x0600cf24                GFDR_ChgDir
                0x0600d208                gfdr_readWordNB
 *fill*         0x0600d70c        0x4 00
 .text          0x0600d710      0x9c6 ../../Compiler/SGL_302j/LIB_COFF/LIBCD.A(GFS_TRN.O)
                0x0600d7f0                GFTR_SetTransMax
                0x0600dbc0                gftr_execScu
                0x0600e0c4                GFTR_SetTransFunc
                0x0600df8c                gftr_remTrn
                0x0600e0b0                GFTR_SetData
                0x0600ddb0                gftr_execSdma1
                0x0600e000                gftr_copyFrac
                0x0600d7e4                GFTR_GetNumTrans
                0x0600d784                GFTR_SetMode
                0x0600dd80                gftr_remDma0
                0x0600e028                GFTR_GetLenData
                0x0600dbb4                gftr_reqScu
                0x0600dd98                gftr_reqDma1
                0x0600dad0                gftr_getSrcPack
                0x0600e080                GFTR_RtnDstPk
                0x0600dc9c                gfdma_exec
                0x0600deb4                gftr_execTrn
                0x0600d9c8                GFTR_ExecSvr
                0x0600de44                gftr_reqTrn
                0x0600dd0c                gfdma_getBytecnt
                0x0600ddec                gftr_reqCpu
                0x0600e04c                GFTR_GetDstPack
                0x0600dd44                gftr_reqDma0
                0x0600d950                GFTR_Idle
                0x0600d808                GFTR_Pause
                0x0600d7d8                GFTR_GetTransPara
                0x0600de38                gftr_remCpu
                0x0600d7a4                GFTR_SetTransPara
                0x0600ddd4                gftr_remDma1
                0x0600d814                GFTR_Stop
                0x0600dd5c                gftr_execSdma0
                0x0600d740                GFTR_Setup
                0x0600dc5c                gftr_remScu
                0x0600db58                gftr_getDstPack
                0x0600dc90                gfdma_canUse
                0x0600d8cc                GFTR_Exec
                0x0600e09c                GFTR_GetData
                0x0600d7fc                GFTR_Start
                0x0600d798                GFTR_SetUnit
                0x0600ddf8                gftr_execCpu
                0x0600e034                GFTR_GetLenRoom
 *fill*         0x0600e0d6        0xa 00
 .text          0x0600e0e0      0x106 ../../Compiler/SGL_302j/LIB_COFF/LIBCD.A(GFS_BUF.O)
                0x0600e138                GFBF_GetNumData
                0x0600e1b4                GFBF_RtnPk
                0x0600e168                GFBF_GetSrcPk
                0x0600e1dc                gfbf_getSctDt
                0x0600e110                GFBF_GetTranData
                0x0600e190                GFBF_GetSctData
 *fill*         0x0600e1e6        0xa 00
 .text          0x0600e1f0      0x600 ../../Compiler/SGL_302j/LIB_COFF/LIBCD.A(GFS_CDB.O)
                0x0600e798                GFCB_GetPickup
                0x0600e310                GFCB_Close
                0x0600e5dc                GFCB_GetSrcPack
                0x0600e764                GFCB_SetCon
                0x0600e3e4                GFCB_GetLenRoom
                0x0600e748                GFCB_MovePickup
                0x0600e6bc                GFCB_GetSctData
                0x0600e3f0                GFCB_SetFilt
                0x0600e338                GFCB_GetLenData
                0x0600e7d8                GFCB_UngetPickup
                0x0600e1f0                GFCB_Setup
                0x0600e480                GFCB_Tell
                0x0600e7c0                GFCB_IsPuOwner
                0x0600e4e0                GFCB_Seek
                0x0600e458                GFCB_DeleteAllData
                0x0600e6f4                GFCB_GetDstPack
                0x0600e490                gfcb_getSctNum
                0x0600e700                GFCB_RtnPk
 .text          0x0600e7f0     0x1a10 ../../Compiler/SGL_302j/LIB_COFF/LIBCD.A(GFS_CDC.O)
                0x0600ea8c                GFCD_AllocBuf
                0x0600f874                gfcd_doGetLenDataTsk
                0x06010110                GFCD_SetCsctFunc
                0x0600eb64                GFCD_GetBaseFad
                0x0600ece0                GFCD_GetFilt
                0x0600fd00                gfcd_doChgDirTsk
                0x06010040                gfcd_checkEflag
                0x0600f028                GFCD_MovePickup
                0x0600f10c                GFCD_GetSctInfo
                0x0600f9c8                gfcd_doReqDataTsk
                0x0600f154                GFCD_ChgDir
                0x0600ee48                GFCD_ReqData
                0x0601012c                GFCD_ChkScdqFlag
                0x0600f5e4                GFCD_WaitServer
                0x0600eeec                GFCD_DelSctData
                0x0600f3c4                GFCD_ExecServer
                0x0600f7e4                gfcd_doSetConTsk
                0x0600ea20                GFCD_AllocFilt
                0x0600ec1c                GFCD_SetFilt
                0x0600f620                gfcd_doSetFiltTsk
                0x06010150                GFCD_ClrScdqFlag
                0x0600fa68                gfcd_doDelSctDataTsk
                0x0600f524                gfcd_doTask
                0x0600eb98                GFCD_GetPickup
                0x0600f0e8                GFCD_CheckMove
                0x0601016c                GFCD_WaitScdqFlag
                0x0600ed80                GFCD_Play
                0x0600fb9c                gfcd_doMoveSctTsk
                0x0600ed28                GFCD_SetCon
                0x0600f1c8                GFCD_SetFiltCon
                0x060101b0                GFCD_WaitPause
                0x0600f38c                GFCD_GetBufSiz
                0x0600ebcc                GFCD_UngetPickup
                0x0600f2b0                GFCD_GetFileInfo
                0x0600eea4                GFCD_EndData
                0x0600eac0                GFCD_FreeBuf
                0x0600ede0                GFCD_GetLenData
                0x0600ea5c                GFCD_FreeFilt
                0x0600f498                gfcd_isIdleTask
                0x0600e81c                GFCD_Init
                0x0600fefc                gfcd_doSetFiltConTsk
                0x0600ef74                GFCD_GetStat
                0x0600f074                GFCD_MoveSctData
                0x0600ebf8                GFCD_IsPuOwner
                0x06010064                gfcd_initCdbMng
                0x0600e7f0                GFCD_SetCdbfs
                0x0600f5d0                GFCD_SetTimer
                0x060100e4                gfcd_setStat
                0x0600ef44                GFCD_CheckDelSctData
 .text          0x06010200      0x1e4 ../../Compiler/SGL_302j/LIB_COFF/LIBCD.A(CDC_BIO.O)
                0x060102ac                CDC_GetdelSctData
                0x06010234                CDC_GetSctData
                0x060102e8                CDC_PutSctData
                0x06010364                CDC_MoveSctData
                0x060103a8                CDC_GetCopyErr
                0x06010270                CDC_DelSctData
                0x06010200                CDC_SetSctLen
                0x06010320                CDC_CopySctData
 *fill*         0x060103e4        0xc 00
 .text          0x060103f0      0x2b8 ../../Compiler/SGL_302j/LIB_COFF/LIBCD.A(CDC_SEL.O)
                0x06010620                CDC_GetFiltCon
                0x0601059c                CDC_GetFiltMode
                0x06010674                CDC_ResetSelector
                0x060103f0                CDC_SetFiltRange
                0x0601047c                CDC_SetFiltSubh
                0x060104ec                CDC_GetFiltSubh
                0x06010424                CDC_GetFiltRange
                0x06010568                CDC_SetFiltMode
                0x060105e0                CDC_SetFiltCon
 *fill*         0x060106a8        0x8 00
 .text          0x060106b0      0x270 ../../Compiler/SGL_302j/LIB_COFF/LIBCD.A(CDC_BIF.O)
                0x0601070c                CDC_GetSctNum
                0x0601088c                CDC_ExeFadSearch
                0x0601080c                CDC_GetSctInfo
                0x06010750                CDC_CalActSiz
                0x060106b0                CDC_GetBufSiz
                0x0601078c                CDC_GetActSiz
                0x060108c4                CDC_GetFadSearch
 .text          0x06010920       0xa8 ../../Compiler/SGL_302j/LIB_COFF/LIBCD.A(CDC_DEV.O)
                0x0601098c                CDC_CdGetLastBuf
                0x06010920                CDC_CdSetCon
                0x06010950                CDC_CdGetCon
 *fill*         0x060109c8        0x8 00
 .text          0x060109d0      0x128 ../../Compiler/SGL_302j/LIB_COFF/LIBSGL.A(sglIc0.o)
                0x060109d0                slInitSystem
 *fill*         0x06010af8        0x8 00
 .text          0x06010b00      0x250 f:/repo/joengine-master/compiler/sh_coff/sh-coff/bin/../lib/gcc/sh-coff/4.0-GNUSH_v0601\libgcc.a(_addsub_sf.o)
                0x06010c94                __subsf3
                0x06010cf4                __addsf3
 .text          0x06010d50       0x70 f:/repo/joengine-master/compiler/sh_coff/sh-coff/bin/../lib/gcc/sh-coff/4.0-GNUSH_v0601\libgcc.a(_gt_sf.o)
                0x06010d50                __gtsf2
 .text          0x06010dc0       0x90 f:/repo/joengine-master/compiler/sh_coff/sh-coff/bin/../lib/gcc/sh-coff/4.0-GNUSH_v0601\libgcc.a(_si_to_sf.o)
                0x06010dc0                __floatsisf
 .text          0x06010e50       0x70 f:/repo/joengine-master/compiler/sh_coff/sh-coff/bin/../lib/gcc/sh-coff/4.0-GNUSH_v0601\libgcc.a(_lt_sf.o)
                0x06010e50                __ltsf2
 .text          0x06010ec0      0x120 f:/repo/joengine-master/compiler/sh_coff/sh-coff/bin/../lib/gcc/sh-coff/4.0-GNUSH_v0601\libgcc.a(_div_sf.o)
                0x06010ec0                __divsf3
 .text          0x06010fe0      0x170 f:/repo/joengine-master/compiler/sh_coff/sh-coff/bin/../lib/gcc/sh-coff/4.0-GNUSH_v0601\libgcc.a(_mul_sf.o)
                0x06010fe0                __mulsf3
 .text          0x06011150       0xa0 f:/repo/joengine-master/compiler/sh_coff/sh-coff/bin/../lib/gcc/sh-coff/4.0-GNUSH_v0601\libgcc.a(_sf_to_si.o)
                0x06011150                __fixsfsi
 .text          0x060111f0       0x60 f:/repo/joengine-master/compiler/sh_coff/sh-coff/bin/../lib/gcc/sh-coff/4.0-GNUSH_v0601\libgcc.a(_ashiftrt.o)
                0x060111fc                __ashiftrt_r4_27
                0x06011230                __ashiftrt_r4_6
                0x06011220                __ashiftrt_r4_14
                0x06011212                __ashiftrt_r4_19
                0x0601122a                __ashiftrt_r4_9
                0x0601123e                __ashiftrt_r4_0
                0x060111f0                __ashiftrt_r4_31
                0x060111fe                __ashiftrt_r4_26
                0x0601120c                __ashiftrt_r4_22
                0x06011218                __ashiftrt_r4_16
                0x06011224                __ashiftrt_r4_12
                0x060111f8                __ashiftrt_r4_29
                0x06011216                __ashiftrt_r4_17
                0x060111f6                __ashiftrt_r4_30
                0x06011232                __ashiftrt_r4_5
                0x0601122c                __ashiftrt_r4_8
                0x060111f0                __ashiftrt_r4_32
                0x06011200                __ashiftrt_r4_25
                0x06011238                __ashiftrt_r4_2
                0x06011202                __ashiftrt_r4_24
                0x0601121e                __ashiftrt_r4_15
                0x06011228                __ashiftrt_r4_10
                0x0601123a                __ashiftrt_r4_1
                0x060111fa                __ashiftrt_r4_28
                0x06011210                __ashiftrt_r4_20
                0x0601122e                __ashiftrt_r4_7
                0x06011222                __ashiftrt_r4_13
                0x06011226                __ashiftrt_r4_11
                0x06011234                __ashiftrt_r4_4
                0x0601120a                __ashiftrt_r4_23
                0x06011214                __ashiftrt_r4_18
                0x0601120e                __ashiftrt_r4_21
                0x06011236                __ashiftrt_r4_3
 .text          0x06011250      0x100 f:/repo/joengine-master/compiler/sh_coff/sh-coff/bin/../lib/gcc/sh-coff/4.0-GNUSH_v0601\libgcc.a(_sf_to_df.o)
                0x06011250                __extendsfdf2
 .text          0x06011350       0x70 f:/repo/joengine-master/compiler/sh_coff/sh-coff/bin/../lib/gcc/sh-coff/4.0-GNUSH_v0601\libgcc.a(_udivsi3.o)
                0x06011372                __udivsi3
 .text          0x060113c0       0xa0 f:/repo/joengine-master/compiler/sh_coff/sh-coff/bin/../lib/gcc/sh-coff/4.0-GNUSH_v0601\libgcc.a(__main.o)
                0x06011434                __main
                0x060113c0                __do_global_dtors
                0x060113f4                __do_global_ctors
 .text          0x06011460       0xa0 f:/repo/joengine-master/compiler/sh_coff/sh-coff/bin/../lib/gcc/sh-coff/4.0-GNUSH_v0601\libgcc.a(_sdivsi3.o)
                0x06011460                __sdivsi3
 .text          0x06011500       0x70 f:/repo/joengine-master/compiler/sh_coff/sh-coff/bin/../lib/gcc/sh-coff/4.0-GNUSH_v0601\libgcc.a(_le_sf.o)
                0x06011500                __lesf2
 .text          0x06011570       0x70 f:/repo/joengine-master/compiler/sh_coff/sh-coff/bin/../lib/gcc/sh-coff/4.0-GNUSH_v0601\libgcc.a(_ge_sf.o)
                0x06011570                __gesf2
 .text          0x060115e0       0x70 f:/repo/joengine-master/compiler/sh_coff/sh-coff/bin/../lib/gcc/sh-coff/4.0-GNUSH_v0601\libgcc.a(_df_to_sf.o)
                0x060115e0                __truncdfsf2
 .text          0x06011650      0x350 f:/repo/joengine-master/compiler/sh_coff/sh-coff/bin/../lib/gcc/sh-coff/4.0-GNUSH_v0601\libgcc.a(_addsub_df.o)
                0x060118dc                __subdf3
                0x06011940                __adddf3
 .text          0x060119a0       0x90 f:/repo/joengine-master/compiler/sh_coff/sh-coff/bin/../lib/gcc/sh-coff/4.0-GNUSH_v0601\libgcc.a(_lshiftrt.o)
                0x060119a0                __lshrsi3
 .text          0x06011a30       0xb0 f:/repo/joengine-master/compiler/sh_coff/sh-coff/bin/../lib/gcc/sh-coff/4.0-GNUSH_v0601\libgcc.a(_si_to_df.o)
                0x06011a30                __floatsidf
 .text          0x06011ae0      0x3b0 f:/repo/joengine-master/compiler/sh_coff/sh-coff/bin/../lib/gcc/sh-coff/4.0-GNUSH_v0601\libgcc.a(_mul_df.o)
                0x06011af0                __muldf3
 .text          0x06011e90      0x1b0 f:/repo/joengine-master/compiler/sh_coff/sh-coff/bin/../lib/gcc/sh-coff/4.0-GNUSH_v0601\libgcc.a(_div_df.o)
                0x06011e98                __divdf3
 .text          0x06012040      0x100 f:/repo/joengine-master/compiler/sh_coff/sh-coff/bin/../lib/gcc/sh-coff/4.0-GNUSH_v0601\libgcc.a(_df_to_si.o)
                0x06012040                __fixdfsi
 .text          0x06012140       0x90 f:/repo/joengine-master/compiler/sh_coff/sh-coff/bin/../lib/gcc/sh-coff/4.0-GNUSH_v0601\libgcc.a(_ashiftrt_n.o)
                0x06012140                __ashrsi3
 .text          0x060121d0       0x90 f:/repo/joengine-master/compiler/sh_coff/sh-coff/bin/../lib/gcc/sh-coff/4.0-GNUSH_v0601\libgcc.a(_ashiftlt.o)
                0x060121d0                __ashlsi3
 .text          0x06012260       0x10 f:/repo/joengine-master/compiler/sh_coff/sh-coff/bin/../lib/gcc/sh-coff/4.0-GNUSH_v0601\libgcc.a(_thenan_sf.o)
                0x06012260                __thenan_sf
 .text          0x06012270       0xc0 f:/repo/joengine-master/compiler/sh_coff/sh-coff/bin/../lib/gcc/sh-coff/4.0-GNUSH_v0601\libgcc.a(_unpack_sf.o)
                0x06012270                __unpack_f
 .text          0x06012330      0x1c0 f:/repo/joengine-master/compiler/sh_coff/sh-coff/bin/../lib/gcc/sh-coff/4.0-GNUSH_v0601\libgcc.a(_pack_sf.o)
                0x06012330                __pack_f
 .text          0x060124f0       0xa0 f:/repo/joengine-master/compiler/sh_coff/sh-coff/bin/../lib/gcc/sh-coff/4.0-GNUSH_v0601\libgcc.a(_fpcmp_parts_sf.o)
                0x060124f0                __fpcmp_parts_f
 .text          0x06012590       0xd0 f:/repo/joengine-master/compiler/sh_coff/sh-coff/bin/../lib/gcc/sh-coff/4.0-GNUSH_v0601\libgcc.a(_muldi3.o)
                0x06012590                __muldi3
 .text          0x06012660       0x30 f:/repo/joengine-master/compiler/sh_coff/sh-coff/bin/../lib/gcc/sh-coff/4.0-GNUSH_v0601\libgcc.a(_make_df.o)
                0x06012660                __make_dp
 .text          0x06012690      0x180 f:/repo/joengine-master/compiler/sh_coff/sh-coff/bin/../lib/gcc/sh-coff/4.0-GNUSH_v0601\libgcc.a(_unpack_df.o)
                0x060126a0                __unpack_d
 .text          0x06012810       0x30 f:/repo/joengine-master/compiler/sh_coff/sh-coff/bin/../lib/gcc/sh-coff/4.0-GNUSH_v0601\libgcc.a(_make_sf.o)
                0x06012810                __make_fp
 .text          0x06012840       0x20 f:/repo/joengine-master/compiler/sh_coff/sh-coff/bin/../lib/gcc/sh-coff/4.0-GNUSH_v0601\libgcc.a(_thenan_df.o)
                0x06012840                __thenan_df
 .text          0x06012860      0x5f0 f:/repo/joengine-master/compiler/sh_coff/sh-coff/bin/../lib/gcc/sh-coff/4.0-GNUSH_v0601\libgcc.a(_pack_df.o)
                0x06012870                __pack_d
 .text          0x06012e50       0x30 f:/repo/joengine-master/compiler/sh_coff/sh-coff/bin/../lib/gcc/sh-coff/4.0-GNUSH_v0601\libgcc.a(_mulsi3.o)
                0x06012e50                __mulsi3
 .text          0x06012e80       0xb0 f:/repo/joengine-master/compiler/sh_coff/sh-coff/bin/../lib/gcc/sh-coff/4.0-GNUSH_v0601/../../../../sh-coff/lib\libc.a(sprintf.o)
                0x06012ed0                sprintf
                0x06012e80                _sprintf_r
 .text          0x06012f30       0xa0 f:/repo/joengine-master/compiler/sh_coff/sh-coff/bin/../lib/gcc/sh-coff/4.0-GNUSH_v0601/../../../../sh-coff/lib\libc.a(memcpy.o)
                0x06012f30                memcpy
 .text          0x06012fd0       0x80 f:/repo/joengine-master/compiler/sh_coff/sh-coff/bin/../lib/gcc/sh-coff/4.0-GNUSH_v0601/../../../../sh-coff/lib\libc.a(memcmp.o)
                0x06012fd0                memcmp
 .text          0x06013050      0x100 f:/repo/joengine-master/compiler/sh_coff/sh-coff/bin/../lib/gcc/sh-coff/4.0-GNUSH_v0601/../../../../sh-coff/lib\libc.a(strncmp.o)
                0x06013050                strncmp
 .text          0x06013150       0xd0 f:/repo/joengine-master/compiler/sh_coff/sh-coff/bin/../lib/gcc/sh-coff/4.0-GNUSH_v0601/../../../../sh-coff/lib\libc.a(strncpy.o)
                0x06013150                strncpy
 .text          0x06013220       0x40 f:/repo/joengine-master/compiler/sh_coff/sh-coff/bin/../lib/gcc/sh-coff/4.0-GNUSH_v0601/../../../../sh-coff/lib\libc.a(memset.o)
                0x06013220                memset
 .text          0x06013260       0x90 f:/repo/joengine-master/compiler/sh_coff/sh-coff/bin/../lib/gcc/sh-coff/4.0-GNUSH_v0601/../../../../sh-coff/lib\libc.a(atexit.o)
                0x06013260                atexit
 .text          0x060132f0     0x1d20 f:/repo/joengine-master/compiler/sh_coff/sh-coff/bin/../lib/gcc/sh-coff/4.0-GNUSH_v0601/../../../../sh-coff/lib\libc.a(vfprintf.o)
                0x060133a8                _vfprintf_r
                0x06014fe8                vfprintf
 .text          0x06015010       0x10 f:/repo/joengine-master/compiler/sh_coff/sh-coff/bin/../lib/gcc/sh-coff/4.0-GNUSH_v0601/../../../../sh-coff/lib\libc.a(impure.o)
                0x06015010                _global_impure_ptr
 .text          0x06015020       0x40 f:/repo/joengine-master/compiler/sh_coff/sh-coff/bin/../lib/gcc/sh-coff/4.0-GNUSH_v0601/../../../../sh-coff/lib\libc.a(malloc.o)
                0x0601503c                free
                0x06015020                malloc
 .text          0x06015060      0x300 f:/repo/joengine-master/compiler/sh_coff/sh-coff/bin/../lib/gcc/sh-coff/4.0-GNUSH_v0601/../../../../sh-coff/lib\libc.a(fvwrite.o)
                0x06015060                __sfvwrite
 .text          0x06015360      0x100 f:/repo/joengine-master/compiler/sh_coff/sh-coff/bin/../lib/gcc/sh-coff/4.0-GNUSH_v0601/../../../../sh-coff/lib\libc.a(locale.o)
                0x06015428                setlocale
                0x060153a8                _setlocale_r
                0x06015404                __locale_charset
                0x06015448                localeconv
                0x06015418                _localeconv_r
 .text          0x06015460      0x360 f:/repo/joengine-master/compiler/sh_coff/sh-coff/bin/../lib/gcc/sh-coff/4.0-GNUSH_v0601/../../../../sh-coff/lib\libc.a(freer.o)
                0x06015460                _malloc_trim_r
                0x06015548                _free_r
 .text          0x060157c0       0x20 f:/repo/joengine-master/compiler/sh_coff/sh-coff/bin/../lib/gcc/sh-coff/4.0-GNUSH_v0601/../../../../sh-coff/lib\libc.a(strlen.o)
                0x060157c0                strlen
 .text          0x060157e0      0x270 f:/repo/joengine-master/compiler/sh_coff/sh-coff/bin/../lib/gcc/sh-coff/4.0-GNUSH_v0601/../../../../sh-coff/lib\libc.a(findfp.o)
                0x060158f4                __sfp
                0x0601587c                __sfp_lock_acquire
                0x06015a24                __fp_unlock_all
                0x060158e8                __sfp_lock_release
                0x06015888                __sinit
                0x060159d4                _cleanup
                0x06015a04                __fp_lock_all
                0x060159bc                _cleanup_r
                0x06015824                __sfmoreglue
 .text          0x06015a50       0xd0 f:/repo/joengine-master/compiler/sh_coff/sh-coff/bin/../lib/gcc/sh-coff/4.0-GNUSH_v0601/../../../../sh-coff/lib\libc.a(fflush.o)
                0x06015a50                fflush
 .text          0x06015b20       0xf0 f:/repo/joengine-master/compiler/sh_coff/sh-coff/bin/../lib/gcc/sh-coff/4.0-GNUSH_v0601/../../../../sh-coff/lib\libc.a(wsetup.o)
                0x06015b20                __swsetup
 .text          0x06015c10       0x70 f:/repo/joengine-master/compiler/sh_coff/sh-coff/bin/../lib/gcc/sh-coff/4.0-GNUSH_v0601/../../../../sh-coff/lib\libc.a(wcrtomb.o)
                0x06015c10                _wcrtomb_r
                0x06015c5c                wcrtomb
 .text          0x06015c80       0x40 f:/repo/joengine-master/compiler/sh_coff/sh-coff/bin/../lib/gcc/sh-coff/4.0-GNUSH_v0601/../../../../sh-coff/lib\libc.a(s_isinf.o)
                0x06015c80                isinf
 .text          0x06015cc0       0xd0 f:/repo/joengine-master/compiler/sh_coff/sh-coff/bin/../lib/gcc/sh-coff/4.0-GNUSH_v0601/../../../../sh-coff/lib\libc.a(memchr.o)
                0x06015cc0                memchr
 .text          0x06015d90      0x6a0 f:/repo/joengine-master/compiler/sh_coff/sh-coff/bin/../lib/gcc/sh-coff/4.0-GNUSH_v0601/../../../../sh-coff/lib\libc.a(mallocr.o)
                0x06015d90                _malloc_r
 .text          0x06016430      0x130 f:/repo/joengine-master/compiler/sh_coff/sh-coff/bin/../lib/gcc/sh-coff/4.0-GNUSH_v0601/../../../../sh-coff/lib\libc.a(wcsrtombs.o)
                0x06016430                _wcsrtombs_r
                0x06016524                wcsrtombs
 .text          0x06016560       0x40 f:/repo/joengine-master/compiler/sh_coff/sh-coff/bin/../lib/gcc/sh-coff/4.0-GNUSH_v0601/../../../../sh-coff/lib\libc.a(s_isnan.o)
                0x06016560                isnan
 .text          0x060165a0     0x1310 f:/repo/joengine-master/compiler/sh_coff/sh-coff/bin/../lib/gcc/sh-coff/4.0-GNUSH_v0601/../../../../sh-coff/lib\libc.a(dtoa.o)
                0x06016744                _dtoa_r
 .text          0x060178b0       0xe0 f:/repo/joengine-master/compiler/sh_coff/sh-coff/bin/../lib/gcc/sh-coff/4.0-GNUSH_v0601/../../../../sh-coff/lib\libc.a(memmove.o)
                0x060178b0                memmove
 .text          0x06017990      0x450 f:/repo/joengine-master/compiler/sh_coff/sh-coff/bin/../lib/gcc/sh-coff/4.0-GNUSH_v0601/../../../../sh-coff/lib\libc.a(reallocr.o)
                0x06017990                _realloc_r
 .text          0x06017de0       0x30 f:/repo/joengine-master/compiler/sh_coff/sh-coff/bin/../lib/gcc/sh-coff/4.0-GNUSH_v0601/../../../../sh-coff/lib\libc.a(strcmp.o)
                0x06017de0                strcmp
 .text          0x06017e10       0x20 f:/repo/joengine-master/compiler/sh_coff/sh-coff/bin/../lib/gcc/sh-coff/4.0-GNUSH_v0601/../../../../sh-coff/lib\libc.a(mlock.o)
                0x06017e10                __malloc_lock
                0x06017e1c                __malloc_unlock
 .text          0x06017e30       0x50 f:/repo/joengine-master/compiler/sh_coff/sh-coff/bin/../lib/gcc/sh-coff/4.0-GNUSH_v0601/../../../../sh-coff/lib\libc.a(sbrkr.o)
                0x06017e30                _sbrk_r
 .text          0x06017e80      0x170 f:/repo/joengine-master/compiler/sh_coff/sh-coff/bin/../lib/gcc/sh-coff/4.0-GNUSH_v0601/../../../../sh-coff/lib\libc.a(stdio.o)
                0x06017ed8                __swrite
                0x06017fc8                __sclose
                0x06017e80                __sread
                0x06017f68                __sseek
 .text          0x06017ff0      0x130 f:/repo/joengine-master/compiler/sh_coff/sh-coff/bin/../lib/gcc/sh-coff/4.0-GNUSH_v0601/../../../../sh-coff/lib\libc.a(fclose.o)
                0x06017ff0                _fclose_r
                0x060180fc                fclose
 .text          0x06018120      0x200 f:/repo/joengine-master/compiler/sh_coff/sh-coff/bin/../lib/gcc/sh-coff/4.0-GNUSH_v0601/../../../../sh-coff/lib\libc.a(fwalk.o)
                0x06018294                _fwalk_reent
                0x06018210                _fwalk
 .text          0x06018320      0x150 f:/repo/joengine-master/compiler/sh_coff/sh-coff/bin/../lib/gcc/sh-coff/4.0-GNUSH_v0601/../../../../sh-coff/lib\libc.a(makebuf.o)
                0x06018320                __smakebuf
 .text          0x06018470      0x2c0 f:/repo/joengine-master/compiler/sh_coff/sh-coff/bin/../lib/gcc/sh-coff/4.0-GNUSH_v0601/../../../../sh-coff/lib\libc.a(wctomb_r.o)
                0x06018490                _wctomb_r
 .text          0x06018730      0xdc0 f:/repo/joengine-master/compiler/sh_coff/sh-coff/bin/../lib/gcc/sh-coff/4.0-GNUSH_v0601/../../../../sh-coff/lib\libc.a(mprec.o)
                0x06018f70                __mcmp
                0x060193f4                _ratio
                0x06018bcc                _i2b
                0x0601916c                _b2d
                0x060189c4                _s2b
                0x06018a9c                _hi0bits
                0x06018da0                _pow5mult
                0x06018fb4                __mdiff
                0x06018e78                _lshift
                0x06018bf0                _multiply
                0x060192c0                _d2b
                0x06018848                _Balloc
                0x06018730                __mprec_tinytens
                0x06019488                _mprec_log10
                0x06018758                __mprec_bigtens
                0x060190d4                _ulp
                0x060188d8                _Bfree
                0x06018780                __mprec_tens
                0x06018b04                _lo0bits
                0x060188f8                _multadd
 .text          0x060194f0      0x390 f:/repo/joengine-master/compiler/sh_coff/sh-coff/bin/../lib/gcc/sh-coff/4.0-GNUSH_v0601/../../../../sh-coff/lib\libc.a(syscalls.o)
                0x06019660                _exit
                0x06019694                _getpid
                0x060196fc                _utime
                0x06019528                _write
                0x060194f0                _read
                0x06019648                _unlink
                0x06019610                _open
                0x060196ac                _stat
                0x06019654                isatty
                0x0601972c                _wait
                0x06019678                _kill
                0x060196c8                _chmod
                0x0601975c                _execv
                0x06019740                _execve
                0x0601983c                __setup_argv_and_call_main
                0x06019794                _gettimeofday
                0x0601955c                _link
                0x060196a0                _raise
                0x0601962c                _creat
                0x06019774                _pipe
                0x060196e0                _chown
                0x0601950c                _lseek
                0x06019544                _close
                0x06019788                _times
                0x060195fc                _fstat
                0x06019718                _fork
                0x06019584                _sbrk
 .text          0x06019880       0x50 f:/repo/joengine-master/compiler/sh_coff/sh-coff/bin/../lib/gcc/sh-coff/4.0-GNUSH_v0601/../../../../sh-coff/lib\libc.a(readr.o)
                0x06019880                _read_r
 .text          0x060198d0       0x50 f:/repo/joengine-master/compiler/sh_coff/sh-coff/bin/../lib/gcc/sh-coff/4.0-GNUSH_v0601/../../../../sh-coff/lib\libc.a(writer.o)
                0x060198d0                _write_r
 .text          0x06019920       0x50 f:/repo/joengine-master/compiler/sh_coff/sh-coff/bin/../lib/gcc/sh-coff/4.0-GNUSH_v0601/../../../../sh-coff/lib\libc.a(lseekr.o)
                0x06019920                _lseek_r
 .text          0x06019970       0x50 f:/repo/joengine-master/compiler/sh_coff/sh-coff/bin/../lib/gcc/sh-coff/4.0-GNUSH_v0601/../../../../sh-coff/lib\libc.a(closer.o)
                0x06019970                _close_r
 .text          0x060199c0       0x50 f:/repo/joengine-master/compiler/sh_coff/sh-coff/bin/../lib/gcc/sh-coff/4.0-GNUSH_v0601/../../../../sh-coff/lib\libc.a(fstatr.o)
                0x060199c0                _fstat_r
 .text          0x06019a10       0xa0 f:/repo/joengine-master/compiler/sh_coff/sh-coff/bin/../lib/gcc/sh-coff/4.0-GNUSH_v0601/../../../../sh-coff/lib\libc.a(callocr.o)
                0x06019a10                _calloc_r
 .text          0x06019ab0       0x20 f:/repo/joengine-master/compiler/sh_coff/sh-coff/bin/../lib/gcc/sh-coff/4.0-GNUSH_v0601/../../../../sh-coff/lib\libc.a(trap.o)
                0x06019ab0                __trap34
 .text          0x06019ad0       0x20 f:/repo/joengine-master/compiler/sh_coff/sh-coff/bin/../lib/gcc/sh-coff/4.0-GNUSH_v0601/../../../../sh-coff/lib\libc.a(abort.o)
                0x06019ad0                abort
 .text          0x06019af0      0x260 f:/repo/joengine-master/compiler/sh_coff/sh-coff/bin/../lib/gcc/sh-coff/4.0-GNUSH_v0601/../../../../sh-coff/lib\libc.a(signal.o)
                0x06019bac                _raise_r
                0x06019d30                __sigtramp
                0x06019cdc                raise
                0x06019d18                _init_signal
                0x06019c68                __sigtramp_r
                0x06019cf8                signal
                0x06019b3c                _signal_r
                0x06019af0                _init_signal_r
 .text          0x06019d50       0x60 f:/repo/joengine-master/compiler/sh_coff/sh-coff/bin/../lib/gcc/sh-coff/4.0-GNUSH_v0601/../../../../sh-coff/lib\libc.a(signalr.o)
                0x06019d98                _getpid_r
                0x06019d50                _kill_r
 .text          0x06019db0       0x70 f:/repo/joengine-master/compiler/sh_coff/sh-coff/bin/../lib/gcc/sh-coff/4.0-GNUSH_v0601\libgcc.a(_eq_df.o)
                0x06019db0                __eqdf2
 .text          0x06019e20       0x70 f:/repo/joengine-master/compiler/sh_coff/sh-coff/bin/../lib/gcc/sh-coff/4.0-GNUSH_v0601\libgcc.a(_ne_df.o)
                0x06019e20                __nedf2
 .text          0x06019e90       0x70 f:/repo/joengine-master/compiler/sh_coff/sh-coff/bin/../lib/gcc/sh-coff/4.0-GNUSH_v0601\libgcc.a(_lt_df.o)
                0x06019e90                __ltdf2
 .text          0x06019f00      0x610 f:/repo/joengine-master/compiler/sh_coff/sh-coff/bin/../lib/gcc/sh-coff/4.0-GNUSH_v0601\libgcc.a(_udivdi3.o)
                0x06019f00                __udivdi3
 .text          0x0601a510      0x600 f:/repo/joengine-master/compiler/sh_coff/sh-coff/bin/../lib/gcc/sh-coff/4.0-GNUSH_v0601\libgcc.a(_umoddi3.o)
                0x0601a510                __umoddi3
 .text          0x0601ab10       0x70 f:/repo/joengine-master/compiler/sh_coff/sh-coff/bin/../lib/gcc/sh-coff/4.0-GNUSH_v0601\libgcc.a(_gt_df.o)
                0x0601ab10                __gtdf2
 .text          0x0601ab80       0x70 f:/repo/joengine-master/compiler/sh_coff/sh-coff/bin/../lib/gcc/sh-coff/4.0-GNUSH_v0601\libgcc.a(_ge_df.o)
                0x0601ab80                __gedf2
 .text          0x0601abf0       0xb0 f:/repo/joengine-master/compiler/sh_coff/sh-coff/bin/../lib/gcc/sh-coff/4.0-GNUSH_v0601\libgcc.a(_fpcmp_parts_df.o)
                0x0601abf0                __fpcmp_parts_d
 .text          0x0601aca0      0x100 f:/repo/joengine-master/compiler/sh_coff/sh-coff/bin/../lib/gcc/sh-coff/4.0-GNUSH_v0601\libgcc.a(_clz.o)
                0x0601aca0                __clz_tab
 *(.strings)
                0x0601ada0                __etext = .

.rodata
 *(.rodata)

SLPROG          0x0601ada0    0x10860
                0x0601ada0                __slprog_start = .
 *(SLPROG)
 SLPROG         0x0601ada0     0x6540 ../../Compiler/SGL_302j/LIB_COFF/SGLAREA.O
                0x0601adbc                SpriteBuf
                0x0601ade0                RemainEvent
                0x0601adac                SortList
                0x0601adaa                MaxPolygons
                0x0601adc8                CommandBuf
                0x0601addc                MaxWorks
                0x0601adde                WorkSize
                0x0601add4                PCM_WkSize
                0x0601adcc                CLOfstBuf
                0x0601aee0                RemainWork
                0x0601add0                PCM_Work
                0x0601ada0                MasterStack
                0x0601ada4                SlaveStack
                0x0601ada8                MaxVertices
                0x0601add8                MaxEvents
                0x0601adb8                Zbuffer
                0x0601adc0                SpriteBufSize
                0x0601d2e0                WorkBuf
                0x0601adb4                TransList
                0x0601adc4                Pbuffer
                0x0601adb0                SortListSize
                0x0601adda                EventSize
                0x0601b2e0                EventBuf
 SLPROG         0x060212e0      0xfc8 ../../Compiler/SGL_302j/LIB_COFF/LIBSGL.A(sglH00.o)
                0x0602137c                slSetPortData1
                0x0602136c                slGetPortData1
                0x06021b5a                slSetPortMode1
                0x06021d94                Smpc_Status
                0x06021332                slSetPortDir2
                0x06021978                slSmpcCashSend
                0x06021398                slGetPortSelect1
                0x0602177e                slIntBackCancel
                0x06021430                slSetPortExt1
                0x06021b40                slGetPortMode1
                0x06021a34                slSmpcCashBlow
                0x06021d24                slRequestCommand
                0x06021dc4                SmpcStatusBuf
                0x06021386                slSetPortData2
                0x060216e6                slSetResultBuffer
                0x0602141c                slGetPortExt1
                0x06021460                slSetPortExt2
                0x06021300                slGetPortDir2
                0x06021426                slGetPortExt2
                0x060217b2                slClearReset
                0x060217a8                slCheckReset
                0x06021308                slSetPortDir1
                0x060213e0                slSetPortSelect2
                0x060213ac                slSetPortSelect1
                0x06021b4c                slGetPortMode2
                0x060213a2                slGetPortSelect2
                0x060212f8                slGetPortDir1
                0x06021374                slGetPortData2
                0x06021b1a                slSetOptimize
                0x06021b10                slGetOptimize
                0x060215d4                slSmpcDirectAccess
                0x06021da2                Per_Connect1
                0x06021654                slInitPeripheral
                0x06021772                slCheckIntBackSet
                0x06021da3                Per_Connect2
                0x06021d9c                Smpc_Peripheral
                0x06021b98                slSetPortMode2
                0x06021d98                Smpc_Result
 *fill*         0x060222a8        0x8 00
 SLPROG         0x060222b0       0x18 ../../Compiler/SGL_302j/LIB_COFF/LIBSGL.A(sglG01.o)
                0x060222b0                slSndVolume
 *fill*         0x060222c8        0x8 00
 SLPROG         0x060222d0      0x1d0 ../../Compiler/SGL_302j/LIB_COFF/LIBSGL.A(sglG00.o)
                0x060222d0                slInitSound
                0x060223ec                slSndFlush
                0x060223d4                slWaitSound
 SLPROG         0x060224a0       0x4c ../../Compiler/SGL_302j/LIB_COFF/LIBSGL.A(sglG19.o)
                0x060224a0                slCDDAOn
 *fill*         0x060224ec        0x4 00
 SLPROG         0x060224f0       0x18 ../../Compiler/SGL_302j/LIB_COFF/LIBSGL.A(sglG25.o)
                0x060224f0                slPCMStat
 *fill*         0x06022508        0x8 00
 SLPROG         0x06022510      0x1e0 ../../Compiler/SGL_302j/LIB_COFF/LIBSGL.A(sglG21.o)
                0x06022518                slPCMOn
                0x06022636                slSndPCMNum
 SLPROG         0x060226f0       0x48 ../../Compiler/SGL_302j/LIB_COFF/LIBSGL.A(sglG22.o)
                0x060226f0                slPCMOff
 *fill*         0x06022738        0x8 00
 SLPROG         0x06022740      0x3a4 ../../Compiler/SGL_302j/LIB_COFF/LIBSGL.A(sglI01.o)
                0x0602292a                RetPCMBuf
                0x06022a64                Sound_Buf
                0x06022740                slInitSynch
                0x06022850                slRandom
                0x060229c4                PCM_Buf
                0x0602275a                slSynch
                0x0602286e                PCM_EndCheck
 *fill*         0x06022ae4        0xc 00
 SLPROG         0x06022af0       0x4e ../../Compiler/SGL_302j/LIB_COFF/LIBSGL.A(sglF00.o)
                0x06022b0a                slLocate
                0x06022b00                slCurColor
                0x06022b3c                CurrentScreen
                0x06022af0                slCurScrn
 *fill*         0x06022b3e        0x2 00
 SLPROG         0x06022b40       0x20 ../../Compiler/SGL_302j/LIB_COFF/LIBSGL.A(sglB001.o)
                0x06022b40                slTVOn
                0x06022b4a                slTVOff
 SLPROG         0x06022b60        0xc ../../Compiler/SGL_302j/LIB_COFF/LIBSGL.A(sglB063.o)
                0x06022b60                slPriority
 *fill*         0x06022b6c        0x4 00
 SLPROG         0x06022b70        0xc ../../Compiler/SGL_302j/LIB_COFF/LIBSGL.A(sglB016.o)
                0x06022b70                slBack1ColSet
 *fill*         0x06022b7c        0x4 00
 SLPROG         0x06022b80      0x114 ../../Compiler/SGL_302j/LIB_COFF/LIBSGL.A(sglB200.o)
                0x06022b8c                slCharNbg0
                0x06022bd2                slPageRbg0
                0x06022be8                slPageNbg1
                0x06022b98                slCharNbg1
                0x06022c04                slPageNbg0
                0x06022bf0                slPageNbg2
                0x06022bf8                slPageNbg3
                0x06022ba4                slCharNbg2
                0x06022bba                slCharNbg3
                0x06022b80                slCharRbg0
 *fill*         0x06022c94        0xc 00
 SLPROG         0x06022ca0        0xc ../../Compiler/SGL_302j/LIB_COFF/LIBSGL.A(sglB056.o)
                0x06022ca0                slPlaneNbg1
 *fill*         0x06022cac        0x4 00
 SLPROG         0x06022cb0       0xb4 ../../Compiler/SGL_302j/LIB_COFF/LIBSGL.A(sglB032.o)
                0x06022cb0                slMapNbg1
 *fill*         0x06022d64        0xc 00
 SLPROG         0x06022d70       0x24 ../../Compiler/SGL_302j/LIB_COFF/LIBSGL.A(sglB011.o)
                0x06022d70                slBitMapNbg1
 *fill*         0x06022d94        0xc 00
 SLPROG         0x06022da0        0xc ../../Compiler/SGL_302j/LIB_COFF/LIBSGL.A(sglB053.o)
                0x06022da0                slZoomNbg1
 *fill*         0x06022dac        0x4 00
 SLPROG         0x06022db0      0x40c ../../Compiler/SGL_302j/LIB_COFF/LIBSGL.A(sglB015.o)
                0x06022db0                slScrAutoDisp
 *fill*         0x060231bc        0x4 00
 SLPROG         0x060231c0       0x1c ../../Compiler/SGL_302j/LIB_COFF/LIBSGL.A(sglF05.o)
                0x060231c0                slPrint
 *fill*         0x060231dc        0x4 00
 SLPROG         0x060231e0       0xa8 ../../Compiler/SGL_302j/LIB_COFF/LIBSGL.A(sglH01.o)
                0x06023240                slSetSoundOutput
                0x06023218                slSetSoundEffect
                0x0602320c                slGetSoundEffect
                0x06023234                slGetSoundOutput
                0x0602325c                slGetHelpWindow
                0x060231e0                slGetLanguage
                0x060231ea                slSetLanguage
                0x06023268                slSetHelpWindow
 *fill*         0x06023288        0x8 00
 SLPROG         0x06023290      0x162 ../../Compiler/SGL_302j/LIB_COFF/LIBSGL.A(sglC07.o)
                0x06023296                slPutSprite
 *fill*         0x060233f2        0xe 00
 SLPROG         0x06023400       0xfa ../../Compiler/SGL_302j/LIB_COFF/LIBSGL.A(sglC06.o)
                0x06023400                slDispSprite
 *fill*         0x060234fa        0x6 00
 SLPROG         0x06023500       0x84 ../../Compiler/SGL_302j/LIB_COFF/LIBSGL.A(sglD00.o)
                0x06023500                slDMACopy
                0x06023500                slCpuDMACopy
                0x0602355a                slCashPurge
                0x0602355a                CSH_AllClr
 *fill*         0x06023584        0xc 00
 SLPROG         0x06023590       0x84 ../../Compiler/SGL_302j/LIB_COFF/LIBSGL.A(sglD16.o)
                0x060235d8                DMA_SCU_PRM0
                0x06023590                DMA_ScuSetPrm
 *fill*         0x06023614        0xc 00
 SLPROG         0x06023620       0x88 ../../Compiler/SGL_302j/LIB_COFF/LIBSGL.A(sglD17.o)
                0x06023620                DMA_ScuStart
 *fill*         0x060236a8        0x8 00
 SLPROG         0x060236b0       0x20 ../../Compiler/SGL_302j/LIB_COFF/LIBSGL.A(sglD15.o)
                0x060236b0                CSH_Purge
 SLPROG         0x060236d0       0x34 ../../Compiler/SGL_302j/LIB_COFF/LIBSGL.A(sglD18.o)
                0x060236d0                DMA_ScuGetStatus
 *fill*         0x06023704        0xc 00
 SLPROG         0x06023710       0xa0 ../../Compiler/SGL_302j/LIB_COFF/LIBSGL.A(sglD01.o)
                0x06023710                slDMAXCopy
 SLPROG         0x060237b0        0xc ../../Compiler/SGL_302j/LIB_COFF/LIBSGL.A(sglD03.o)
                0x060237b0                slDMAStatus
 *fill*         0x060237bc        0x4 00
 SLPROG         0x060237c0      0x470 ../../Compiler/SGL_302j/LIB_COFF/LIBSGL.A(sglH02.o)
                0x06023bb0                smpc_pfr_tbl
                0x06023bf0                smpc_ptf_tbl
 SLPROG         0x06023c30       0x60 ../../Compiler/SGL_302j/LIB_COFF/LIBSGL.A(sglH04.o)
                0x06023c5a                slComPrmSetTime
                0x06023c30                slComPrmIntBack
                0x06023c44                slComPrmSetMemory
 SLPROG         0x06023c90       0x10 ../../Compiler/SGL_302j/LIB_COFF/LIBSGL.A(sglD02.o)
                0x06023c90                slDMAWait
 SLPROG         0x06023ca0       0x20 ../../Compiler/SGL_302j/LIB_COFF/LIBSGL.A(sglA00.o)
                0x06023cb4                get_imask
                0x06023ca0                set_imask
                0x06023ca0                _builtin_set_imask
                0x06023cb4                _builtin_get_imask
 SLPROG         0x06023cc0       0x74 ../../Compiler/SGL_302j/LIB_COFF/LIBSGL.A(sglJ00.o)
                0x06023cc0                InitSlaveSH
                0x06023d28                SlaveCommand
 *fill*         0x06023d34        0xc 00
 SLPROG         0x06023d40      0x42c ../../Compiler/SGL_302j/LIB_COFF/LIBSGL.A(sglA20.o)
                0x06023d40                slInitMatrix
                0x06023d5e                slUnitMatrix
                0x06023d4a                slPushUnitMatrix
 *fill*         0x0602416c        0x4 00
 SLPROG         0x06024170      0xbd0 ../../Compiler/SGL_302j/LIB_COFF/LIBSGL.A(sglB000.o)
                0x06024170                slInitScroll
                0x060243d0                TVSizeTbl
                0x060242c0                setASC_4to8
                0x06024450                TVModeTbl
                0x06024290                setASC_1to8
                0x06024628                SGL_ASCII_CG
 SLPROG         0x06024d40      0x3d0 ../../Compiler/SGL_302j/LIB_COFF/LIBSGL.A(sglJ01.o)
                0x06024d40                SlaveControl
                0x060250fc                ErasePolygonData
 SLPROG         0x06025110      0x75c ../../Compiler/SGL_302j/LIB_COFF/LIBSGL.A(sglI00.o)
                0x06025400                slInitInterrupt
 *fill*         0x0602586c        0x4 00
 SLPROG         0x06025870      0x134 ../../Compiler/SGL_302j/LIB_COFF/LIBSGL.A(sglC00.o)
                0x06025870                slInitSprite
 *fill*         0x060259a4        0xc 00
 SLPROG         0x060259b0       0xd4 ../../Compiler/SGL_302j/LIB_COFF/LIBSGL.A(sglB035.o)
                0x060259b0                sl1MapRA
                0x06025a42                rbank_set
 *fill*         0x06025a84        0xc 00
 SLPROG         0x06025a90     0x411e ../../Compiler/SGL_302j/LIB_COFF/LIBSGL.A(sglA01.o)
                0x06025b6c                sin_cos_index_tbl
                0x06025a90                slSin
                0x06025bac                sin_tbl
                0x06025ad8                GetSinCos
                0x06025ab4                slCos
 *fill*         0x06029bae        0x2 00
 SLPROG         0x06029bb0       0x40 ../../Compiler/SGL_302j/LIB_COFF/LIBSGL.A(sglC20.o)
                0x06029bb0                SpriteEntry
 SLPROG         0x06029bf0      0x140 ../../Compiler/SGL_302j/LIB_COFF/LIBSGL.A(sglJ03.o)
                0x06029bf0                sbMakeDMATable
 SLPROG         0x06029d30     0x12b8 ../../Compiler/SGL_302j/LIB_COFF/LIBSGL.A(sglJ02.o)
                0x0602af64                stvtc_1
                0x0602ac9c                stvtc_4
                0x0602ac5c                SetPolygon
                0x0602ad54                stvtc_3
                0x0602af8c                stvtc_0
                0x0602ac64                SetPosition
                0x06029f18                sbCalcPolygon
                0x0602ac50                SetTexture
                0x06029d30                sbMakePolygon
                0x0602af78                stvtc_2
 *fill*         0x0602afe8        0x8 00
 SLPROG         0x0602aff0      0x470 ../../Compiler/SGL_302j/LIB_COFF/LIBSGL.A(sglJ04.o)
                0x0602b0b4                sbMakeRotSprite
                0x0602b04e                sbMakeSprite
 SLPROG         0x0602b460       0x3c ../../Compiler/SGL_302j/LIB_COFF/LIBSGL.A(sglJ05.o)
                0x0602b460                sbSortEntry
 *fill*         0x0602b49c        0x4 00
 SLPROG         0x0602b4a0       0xf0 ../../Compiler/SGL_302j/LIB_COFF/LIBSGL.A(sglH03.o)
                0x0602b504                slSmpcIntBack
 SLPROG         0x0602b590       0x6a ../../Compiler/SGL_302j/LIB_COFF/LIBSGL.A(sglM01.o)
                0x0602b5bc                slSetDepthTbl
                0x0602b5ec                DepthWorkArea
                0x0602b590                slSetDepthLimit
                0x0602b5fa                __slprog_end = .

.tors           0x0602b600        0x0
                0x0602b600                ___ctors = .
 *(.ctors)
                0x0602b600                ___ctors_end = .
                0x0602b600                ___dtors = .
 *(.dtors)
                0x0602b600                ___dtors_end = .

.data           0x0602b600     0x76d0
 *(.data)
 .data          0x0602b600       0x70 main.o
                0x0602b658                p1w
                0x0602b64c                p2x
                0x0602b660                p1x
                0x0602b638                bx
                0x0602b634                by
                0x0602b620                iptimeout
                0x0602b630                bw
                0x0602b624                scoreLimit
                0x0602b640                p2h
                0x0602b648                p2y
                0x0602b600                cursorPos
                0x0602b654                p1h
                0x0602b62c                bs
                0x0602b644                p2w
                0x0602b628                bvelx
                0x0602b63c                p2vel
                0x0602b65c                p1y
                0x0602b650                p1vel
 .data          0x0602b670     0x6830 ../../jo_engine/audio.o
                0x0602b670                sddrvstsk
 .data          0x06031ea0       0x10 ../../jo_engine/fs.o
 .data          0x06031eb0      0x5b0 ../../jo_engine/math.o
                0x06031eb0                JoCosLookupTable
 .data          0x06032460       0x30 ../../jo_engine/sprites.o
                0x06032470                __jo_sprite_attributes
                0x06032464                __jo_sprite_pos
                0x06032460                __jo_gouraud_shading_runtime_index
 .data          0x06032490       0x10 ../../jo_engine/sprite_animator.o
 .data          0x060324a0       0x80 ../../Compiler/SGL_302j/LIB_COFF/LIBSGL.A(sglIc0.o)
                0x060324a0                IntPrioMask
 .data          0x06032520      0x380 f:/repo/joengine-master/compiler/sh_coff/sh-coff/bin/../lib/gcc/sh-coff/4.0-GNUSH_v0601/../../../../sh-coff/lib\libc.a(impure.o)
                0x0603289c                _impure_ptr
 .data          0x060328a0       0x20 f:/repo/joengine-master/compiler/sh_coff/sh-coff/bin/../lib/gcc/sh-coff/4.0-GNUSH_v0601/../../../../sh-coff/lib\libc.a(locale.o)
                0x060328ac                __mb_cur_max
                0x060328a0                __lc_ctype
 .data          0x060328c0      0x410 f:/repo/joengine-master/compiler/sh_coff/sh-coff/bin/../lib/gcc/sh-coff/4.0-GNUSH_v0601/../../../../sh-coff/lib\libc.a(mallocr.o)
                0x060328c8                __malloc_av_
                0x060328c4                __malloc_trim_threshold
                0x060328c0                __malloc_sbrk_base
                0x06032cd0                __edata = .

.bss            0x06032cd0    0x83d64
                0x06032cd0                __bstart = .
 *(.bss)
 .bss           0x06032cd0       0x60 main.o
                0x06032d04                p1Sprite
                0x06032cd0                currentState
                0x06032cf8                p2hit
                0x06032d08                ring_anim_id
                0x06032d00                p1hit
                0x06032cdc                p1Timeout
                0x06032ce6                winner
                0x06032cd4                selSprite
                0x06032cf0                bvely
                0x06032ce4                is_cd_playing
                0x06032ce8                score
                0x06032cd8                p2Timeout
                0x06032cf4                ballSprite
                0x06032ce0                currentMenuOption
                0x06032cfc                p2Sprite
 .bss           0x06032d30     0x2590 ../../jo_engine/fs.o
 .bss           0x060352c0    0x80020 ../../jo_engine/core.o
 .bss           0x060b52e0       0x80 ../../jo_engine/malloc.o
 .bss           0x060b5360       0x10 ../../jo_engine/sprites.o
 .bss           0x060b5370       0x50 ../../jo_engine/map.o
 .bss           0x060b53c0       0x10 ../../jo_engine/sprite_animator.o
 .bss           0x060b53d0       0x10 ../../jo_engine/time.o
 .bss           0x060b53e0        0x4 ../../Compiler/SGL_302j/LIB_COFF/SEGA_SYS.A(sys_exit.o)
 *fill*         0x060b53e4        0xc 00
 .bss           0x060b53f0        0x2 ../../Compiler/SGL_302j/LIB_COFF/LIBCD.A(CDC_REG.O)
 *fill*         0x060b53f2        0xe 00
 .bss           0x060b5400        0xc ../../Compiler/SGL_302j/LIB_COFF/LIBCD.A(CDC_SUB.O)
 *fill*         0x060b540c        0x4 00
 .bss           0x060b5410        0xc ../../Compiler/SGL_302j/LIB_COFF/LIBCD.A(GFS_TRN.O)
 *fill*         0x060b541c        0x4 00
 .bss           0x060b5420       0x10 f:/repo/joengine-master/compiler/sh_coff/sh-coff/bin/../lib/gcc/sh-coff/4.0-GNUSH_v0601\libgcc.a(__main.o)
 .bss           0x060b5430       0x10 f:/repo/joengine-master/compiler/sh_coff/sh-coff/bin/../lib/gcc/sh-coff/4.0-GNUSH_v0601/../../../../sh-coff/lib\libc.a(atexit.o)
 .bss           0x060b5440       0x10 f:/repo/joengine-master/compiler/sh_coff/sh-coff/bin/../lib/gcc/sh-coff/4.0-GNUSH_v0601/../../../../sh-coff/lib\libc.a(locale.o)
                0x060b5444                __mlocale_changed
                0x060b5440                _PathLocale
                0x060b5448                __nlocale_changed
 .bss           0x060b5450       0x40 f:/repo/joengine-master/compiler/sh_coff/sh-coff/bin/../lib/gcc/sh-coff/4.0-GNUSH_v0601/../../../../sh-coff/lib\libc.a(mallocr.o)
                0x060b5480                __malloc_top_pad
                0x060b5450                __malloc_current_mallinfo
                0x060b547c                __malloc_max_sbrked_mem
                0x060b5478                __malloc_max_total_mem
 .bss           0x060b5490       0x10 f:/repo/joengine-master/compiler/sh_coff/sh-coff/bin/../lib/gcc/sh-coff/4.0-GNUSH_v0601/../../../../sh-coff/lib\libc.a(syscalls.o)
 *(COMMON)
 COMMON         0x060b54a0        0x8 main.o
                0x060b54a0                powSprites
 *fill*         0x060b54a8        0x8 00
 COMMON         0x060b54b0        0x4 ../../jo_engine/fs.o
                0x060b54b0                __jo_fs_background_job_count
 *fill*         0x060b54b4        0xc 00
 COMMON         0x060b54c0       0x40 ../../jo_engine/core.o
                0x060b54c0                __jo_last_error
 COMMON         0x060b5500       0x40 ../../jo_engine/tools.o
                0x060b5500                __jo_sprintf_buf
 COMMON         0x060b5540     0x13f8 ../../jo_engine/sprites.o
                0x060b5540                __jo_sprite_def
                0x060b5d40                __jo_hash_table
                0x060b6140                __jo_sprite_pic
 *fill*         0x060b6938        0x8 00
 COMMON         0x060b6940       0xc0 ../../jo_engine/sprite_animator.o
                0x060b6940                __jo_sprite_anim_tab
 COMMON         0x060b6a00        0xc ../../Compiler/SGL_302j/LIB_COFF/LIBCD.A(GFS.O)
                0x060b6a00                GFMC_base
                0x060b6a04                gfs_mng_ptr
                0x060b6a08                gfs_use_scudma
 *fill*         0x060b6a0c        0x4 00
 COMMON         0x060b6a10        0x8 ../../Compiler/SGL_302j/LIB_COFF/LIBCD.A(GFS_CDF.O)
                0x060b6a10                gfcf_fad
                0x060b6a14                gfcf_stat
 *fill*         0x060b6a18        0x8 00
 COMMON         0x060b6a20        0xc ../../Compiler/SGL_302j/LIB_COFF/LIBCD.A(GFS_CDC.O)
                0x060b6a20                gfcd_fatal_err
                0x060b6a24                gfcd_work
                0x060b6a28                gfcd_playflag
 *fill*         0x060b6a2c        0x4 00
 COMMON         0x060b6a30        0x4 f:/repo/joengine-master/compiler/sh_coff/sh-coff/bin/../lib/gcc/sh-coff/4.0-GNUSH_v0601/../../../../sh-coff/lib\libc.a(syscalls.o)
                0x060b6a30                errno
                0x060b6a34                __bend = .
                0x060b6a34                _end = .
LOAD ../../Compiler/SGL_302j/LIB_COFF/SGLAREA.O
LOAD main.o
LOAD ../../jo_engine/tga.o
LOAD ../../jo_engine/audio.o
LOAD ../../jo_engine/fs.o
LOAD ../../jo_engine/font.o
LOAD ../../jo_engine/input.o
LOAD ../../jo_engine/physics.o
LOAD ../../jo_engine/core.o
LOAD ../../jo_engine/math.o
LOAD ../../jo_engine/malloc.o
LOAD ../../jo_engine/tools.o
LOAD ../../jo_engine/sprites.o
LOAD ../../jo_engine/map.o
LOAD ../../jo_engine/list.o
LOAD ../../jo_engine/sprite_animator.o
LOAD ../../jo_engine/image.o
LOAD ../../jo_engine/background.o
LOAD ../../jo_engine/time.o
LOAD ../../jo_engine/vdp1_command_pipeline.o
LOAD ../../Compiler/SGL_302j/LIB_COFF/SEGA_SYS.A
LOAD ../../Compiler/SGL_302j/LIB_COFF/LIBCD.A
LOAD ../../Compiler/SGL_302j/LIB_COFF/LIBSGL.A
LOAD f:/repo/joengine-master/compiler/sh_coff/sh-coff/bin/../lib/gcc/sh-coff/4.0-GNUSH_v0601\libgcc.a
LOAD f:/repo/joengine-master/compiler/sh_coff/sh-coff/bin/../lib/gcc/sh-coff/4.0-GNUSH_v0601/../../../../sh-coff/lib\libc.a
LOAD f:/repo/joengine-master/compiler/sh_coff/sh-coff/bin/../lib/gcc/sh-coff/4.0-GNUSH_v0601\libgcc.a
OUTPUT(sl_coff.coff coff-sh)

.comment        0x060b6a40      0x9a0
 .comment       0x060b6a40       0x20 f:/repo/joengine-master/compiler/sh_coff/sh-coff/bin/../lib/gcc/sh-coff/4.0-GNUSH_v0601\libgcc.a(_addsub_sf.o)
 .comment       0x060b6a60       0x20 f:/repo/joengine-master/compiler/sh_coff/sh-coff/bin/../lib/gcc/sh-coff/4.0-GNUSH_v0601\libgcc.a(_gt_sf.o)
 .comment       0x060b6a80       0x20 f:/repo/joengine-master/compiler/sh_coff/sh-coff/bin/../lib/gcc/sh-coff/4.0-GNUSH_v0601\libgcc.a(_si_to_sf.o)
 .comment       0x060b6aa0       0x20 f:/repo/joengine-master/compiler/sh_coff/sh-coff/bin/../lib/gcc/sh-coff/4.0-GNUSH_v0601\libgcc.a(_lt_sf.o)
 .comment       0x060b6ac0       0x20 f:/repo/joengine-master/compiler/sh_coff/sh-coff/bin/../lib/gcc/sh-coff/4.0-GNUSH_v0601\libgcc.a(_div_sf.o)
 .comment       0x060b6ae0       0x20 f:/repo/joengine-master/compiler/sh_coff/sh-coff/bin/../lib/gcc/sh-coff/4.0-GNUSH_v0601\libgcc.a(_mul_sf.o)
 .comment       0x060b6b00       0x20 f:/repo/joengine-master/compiler/sh_coff/sh-coff/bin/../lib/gcc/sh-coff/4.0-GNUSH_v0601\libgcc.a(_sf_to_si.o)
 .comment       0x060b6b20       0x20 f:/repo/joengine-master/compiler/sh_coff/sh-coff/bin/../lib/gcc/sh-coff/4.0-GNUSH_v0601\libgcc.a(_sf_to_df.o)
 .comment       0x060b6b40       0x20 f:/repo/joengine-master/compiler/sh_coff/sh-coff/bin/../lib/gcc/sh-coff/4.0-GNUSH_v0601\libgcc.a(__main.o)
 .comment       0x060b6b60       0x20 f:/repo/joengine-master/compiler/sh_coff/sh-coff/bin/../lib/gcc/sh-coff/4.0-GNUSH_v0601\libgcc.a(_le_sf.o)
 .comment       0x060b6b80       0x20 f:/repo/joengine-master/compiler/sh_coff/sh-coff/bin/../lib/gcc/sh-coff/4.0-GNUSH_v0601\libgcc.a(_ge_sf.o)
 .comment       0x060b6ba0       0x20 f:/repo/joengine-master/compiler/sh_coff/sh-coff/bin/../lib/gcc/sh-coff/4.0-GNUSH_v0601\libgcc.a(_df_to_sf.o)
 .comment       0x060b6bc0       0x20 f:/repo/joengine-master/compiler/sh_coff/sh-coff/bin/../lib/gcc/sh-coff/4.0-GNUSH_v0601\libgcc.a(_addsub_df.o)
 .comment       0x060b6be0       0x20 f:/repo/joengine-master/compiler/sh_coff/sh-coff/bin/../lib/gcc/sh-coff/4.0-GNUSH_v0601\libgcc.a(_si_to_df.o)
 .comment       0x060b6c00       0x20 f:/repo/joengine-master/compiler/sh_coff/sh-coff/bin/../lib/gcc/sh-coff/4.0-GNUSH_v0601\libgcc.a(_mul_df.o)
 .comment       0x060b6c20       0x20 f:/repo/joengine-master/compiler/sh_coff/sh-coff/bin/../lib/gcc/sh-coff/4.0-GNUSH_v0601\libgcc.a(_div_df.o)
 .comment       0x060b6c40       0x20 f:/repo/joengine-master/compiler/sh_coff/sh-coff/bin/../lib/gcc/sh-coff/4.0-GNUSH_v0601\libgcc.a(_df_to_si.o)
 .comment       0x060b6c60       0x20 f:/repo/joengine-master/compiler/sh_coff/sh-coff/bin/../lib/gcc/sh-coff/4.0-GNUSH_v0601\libgcc.a(_thenan_sf.o)
 .comment       0x060b6c80       0x20 f:/repo/joengine-master/compiler/sh_coff/sh-coff/bin/../lib/gcc/sh-coff/4.0-GNUSH_v0601\libgcc.a(_unpack_sf.o)
 .comment       0x060b6ca0       0x20 f:/repo/joengine-master/compiler/sh_coff/sh-coff/bin/../lib/gcc/sh-coff/4.0-GNUSH_v0601\libgcc.a(_pack_sf.o)
 .comment       0x060b6cc0       0x20 f:/repo/joengine-master/compiler/sh_coff/sh-coff/bin/../lib/gcc/sh-coff/4.0-GNUSH_v0601\libgcc.a(_fpcmp_parts_sf.o)
 .comment       0x060b6ce0       0x20 f:/repo/joengine-master/compiler/sh_coff/sh-coff/bin/../lib/gcc/sh-coff/4.0-GNUSH_v0601\libgcc.a(_muldi3.o)
 .comment       0x060b6d00       0x20 f:/repo/joengine-master/compiler/sh_coff/sh-coff/bin/../lib/gcc/sh-coff/4.0-GNUSH_v0601\libgcc.a(_make_df.o)
 .comment       0x060b6d20       0x20 f:/repo/joengine-master/compiler/sh_coff/sh-coff/bin/../lib/gcc/sh-coff/4.0-GNUSH_v0601\libgcc.a(_unpack_df.o)
 .comment       0x060b6d40       0x20 f:/repo/joengine-master/compiler/sh_coff/sh-coff/bin/../lib/gcc/sh-coff/4.0-GNUSH_v0601\libgcc.a(_make_sf.o)
 .comment       0x060b6d60       0x20 f:/repo/joengine-master/compiler/sh_coff/sh-coff/bin/../lib/gcc/sh-coff/4.0-GNUSH_v0601\libgcc.a(_thenan_df.o)
 .comment       0x060b6d80       0x20 f:/repo/joengine-master/compiler/sh_coff/sh-coff/bin/../lib/gcc/sh-coff/4.0-GNUSH_v0601\libgcc.a(_pack_df.o)
 .comment       0x060b6da0       0x20 f:/repo/joengine-master/compiler/sh_coff/sh-coff/bin/../lib/gcc/sh-coff/4.0-GNUSH_v0601/../../../../sh-coff/lib\libc.a(sprintf.o)
 .comment       0x060b6dc0       0x20 f:/repo/joengine-master/compiler/sh_coff/sh-coff/bin/../lib/gcc/sh-coff/4.0-GNUSH_v0601/../../../../sh-coff/lib\libc.a(memcmp.o)
 .comment       0x060b6de0       0x20 f:/repo/joengine-master/compiler/sh_coff/sh-coff/bin/../lib/gcc/sh-coff/4.0-GNUSH_v0601/../../../../sh-coff/lib\libc.a(strncmp.o)
 .comment       0x060b6e00       0x20 f:/repo/joengine-master/compiler/sh_coff/sh-coff/bin/../lib/gcc/sh-coff/4.0-GNUSH_v0601/../../../../sh-coff/lib\libc.a(strncpy.o)
 .comment       0x060b6e20       0x20 f:/repo/joengine-master/compiler/sh_coff/sh-coff/bin/../lib/gcc/sh-coff/4.0-GNUSH_v0601/../../../../sh-coff/lib\libc.a(atexit.o)
 .comment       0x060b6e40       0x20 f:/repo/joengine-master/compiler/sh_coff/sh-coff/bin/../lib/gcc/sh-coff/4.0-GNUSH_v0601/../../../../sh-coff/lib\libc.a(vfprintf.o)
 .comment       0x060b6e60       0x20 f:/repo/joengine-master/compiler/sh_coff/sh-coff/bin/../lib/gcc/sh-coff/4.0-GNUSH_v0601/../../../../sh-coff/lib\libc.a(impure.o)
 .comment       0x060b6e80       0x20 f:/repo/joengine-master/compiler/sh_coff/sh-coff/bin/../lib/gcc/sh-coff/4.0-GNUSH_v0601/../../../../sh-coff/lib\libc.a(malloc.o)
 .comment       0x060b6ea0       0x20 f:/repo/joengine-master/compiler/sh_coff/sh-coff/bin/../lib/gcc/sh-coff/4.0-GNUSH_v0601/../../../../sh-coff/lib\libc.a(fvwrite.o)
 .comment       0x060b6ec0       0x20 f:/repo/joengine-master/compiler/sh_coff/sh-coff/bin/../lib/gcc/sh-coff/4.0-GNUSH_v0601/../../../../sh-coff/lib\libc.a(locale.o)
 .comment       0x060b6ee0       0x20 f:/repo/joengine-master/compiler/sh_coff/sh-coff/bin/../lib/gcc/sh-coff/4.0-GNUSH_v0601/../../../../sh-coff/lib\libc.a(freer.o)
 .comment       0x060b6f00       0x20 f:/repo/joengine-master/compiler/sh_coff/sh-coff/bin/../lib/gcc/sh-coff/4.0-GNUSH_v0601/../../../../sh-coff/lib\libc.a(findfp.o)
 .comment       0x060b6f20       0x20 f:/repo/joengine-master/compiler/sh_coff/sh-coff/bin/../lib/gcc/sh-coff/4.0-GNUSH_v0601/../../../../sh-coff/lib\libc.a(fflush.o)
 .comment       0x060b6f40       0x20 f:/repo/joengine-master/compiler/sh_coff/sh-coff/bin/../lib/gcc/sh-coff/4.0-GNUSH_v0601/../../../../sh-coff/lib\libc.a(wsetup.o)
 .comment       0x060b6f60       0x20 f:/repo/joengine-master/compiler/sh_coff/sh-coff/bin/../lib/gcc/sh-coff/4.0-GNUSH_v0601/../../../../sh-coff/lib\libc.a(wcrtomb.o)
 .comment       0x060b6f80       0x20 f:/repo/joengine-master/compiler/sh_coff/sh-coff/bin/../lib/gcc/sh-coff/4.0-GNUSH_v0601/../../../../sh-coff/lib\libc.a(s_isinf.o)
 .comment       0x060b6fa0       0x20 f:/repo/joengine-master/compiler/sh_coff/sh-coff/bin/../lib/gcc/sh-coff/4.0-GNUSH_v0601/../../../../sh-coff/lib\libc.a(memchr.o)
 .comment       0x060b6fc0       0x20 f:/repo/joengine-master/compiler/sh_coff/sh-coff/bin/../lib/gcc/sh-coff/4.0-GNUSH_v0601/../../../../sh-coff/lib\libc.a(mallocr.o)
 .comment       0x060b6fe0       0x20 f:/repo/joengine-master/compiler/sh_coff/sh-coff/bin/../lib/gcc/sh-coff/4.0-GNUSH_v0601/../../../../sh-coff/lib\libc.a(wcsrtombs.o)
 .comment       0x060b7000       0x20 f:/repo/joengine-master/compiler/sh_coff/sh-coff/bin/../lib/gcc/sh-coff/4.0-GNUSH_v0601/../../../../sh-coff/lib\libc.a(s_isnan.o)
 .comment       0x060b7020       0x20 f:/repo/joengine-master/compiler/sh_coff/sh-coff/bin/../lib/gcc/sh-coff/4.0-GNUSH_v0601/../../../../sh-coff/lib\libc.a(dtoa.o)
 .comment       0x060b7040       0x20 f:/repo/joengine-master/compiler/sh_coff/sh-coff/bin/../lib/gcc/sh-coff/4.0-GNUSH_v0601/../../../../sh-coff/lib\libc.a(memmove.o)
 .comment       0x060b7060       0x20 f:/repo/joengine-master/compiler/sh_coff/sh-coff/bin/../lib/gcc/sh-coff/4.0-GNUSH_v0601/../../../../sh-coff/lib\libc.a(reallocr.o)
 .comment       0x060b7080       0x20 f:/repo/joengine-master/compiler/sh_coff/sh-coff/bin/../lib/gcc/sh-coff/4.0-GNUSH_v0601/../../../../sh-coff/lib\libc.a(mlock.o)
 .comment       0x060b70a0       0x20 f:/repo/joengine-master/compiler/sh_coff/sh-coff/bin/../lib/gcc/sh-coff/4.0-GNUSH_v0601/../../../../sh-coff/lib\libc.a(sbrkr.o)
 .comment       0x060b70c0       0x20 f:/repo/joengine-master/compiler/sh_coff/sh-coff/bin/../lib/gcc/sh-coff/4.0-GNUSH_v0601/../../../../sh-coff/lib\libc.a(stdio.o)
 .comment       0x060b70e0       0x20 f:/repo/joengine-master/compiler/sh_coff/sh-coff/bin/../lib/gcc/sh-coff/4.0-GNUSH_v0601/../../../../sh-coff/lib\libc.a(fclose.o)
 .comment       0x060b7100       0x20 f:/repo/joengine-master/compiler/sh_coff/sh-coff/bin/../lib/gcc/sh-coff/4.0-GNUSH_v0601/../../../../sh-coff/lib\libc.a(fwalk.o)
 .comment       0x060b7120       0x20 f:/repo/joengine-master/compiler/sh_coff/sh-coff/bin/../lib/gcc/sh-coff/4.0-GNUSH_v0601/../../../../sh-coff/lib\libc.a(makebuf.o)
 .comment       0x060b7140       0x20 f:/repo/joengine-master/compiler/sh_coff/sh-coff/bin/../lib/gcc/sh-coff/4.0-GNUSH_v0601/../../../../sh-coff/lib\libc.a(wctomb_r.o)
 .comment       0x060b7160       0x20 f:/repo/joengine-master/compiler/sh_coff/sh-coff/bin/../lib/gcc/sh-coff/4.0-GNUSH_v0601/../../../../sh-coff/lib\libc.a(mprec.o)
 .comment       0x060b7180       0x20 f:/repo/joengine-master/compiler/sh_coff/sh-coff/bin/../lib/gcc/sh-coff/4.0-GNUSH_v0601/../../../../sh-coff/lib\libc.a(syscalls.o)
 .comment       0x060b71a0       0x20 f:/repo/joengine-master/compiler/sh_coff/sh-coff/bin/../lib/gcc/sh-coff/4.0-GNUSH_v0601/../../../../sh-coff/lib\libc.a(readr.o)
 .comment       0x060b71c0       0x20 f:/repo/joengine-master/compiler/sh_coff/sh-coff/bin/../lib/gcc/sh-coff/4.0-GNUSH_v0601/../../../../sh-coff/lib\libc.a(writer.o)
 .comment       0x060b71e0       0x20 f:/repo/joengine-master/compiler/sh_coff/sh-coff/bin/../lib/gcc/sh-coff/4.0-GNUSH_v0601/../../../../sh-coff/lib\libc.a(lseekr.o)
 .comment       0x060b7200       0x20 f:/repo/joengine-master/compiler/sh_coff/sh-coff/bin/../lib/gcc/sh-coff/4.0-GNUSH_v0601/../../../../sh-coff/lib\libc.a(closer.o)
 .comment       0x060b7220       0x20 f:/repo/joengine-master/compiler/sh_coff/sh-coff/bin/../lib/gcc/sh-coff/4.0-GNUSH_v0601/../../../../sh-coff/lib\libc.a(fstatr.o)
 .comment       0x060b7240       0x20 f:/repo/joengine-master/compiler/sh_coff/sh-coff/bin/../lib/gcc/sh-coff/4.0-GNUSH_v0601/../../../../sh-coff/lib\libc.a(callocr.o)
 .comment       0x060b7260       0x20 f:/repo/joengine-master/compiler/sh_coff/sh-coff/bin/../lib/gcc/sh-coff/4.0-GNUSH_v0601/../../../../sh-coff/lib\libc.a(abort.o)
 .comment       0x060b7280       0x20 f:/repo/joengine-master/compiler/sh_coff/sh-coff/bin/../lib/gcc/sh-coff/4.0-GNUSH_v0601/../../../../sh-coff/lib\libc.a(signal.o)
 .comment       0x060b72a0       0x20 f:/repo/joengine-master/compiler/sh_coff/sh-coff/bin/../lib/gcc/sh-coff/4.0-GNUSH_v0601/../../../../sh-coff/lib\libc.a(signalr.o)
 .comment       0x060b72c0       0x20 f:/repo/joengine-master/compiler/sh_coff/sh-coff/bin/../lib/gcc/sh-coff/4.0-GNUSH_v0601\libgcc.a(_eq_df.o)
 .comment       0x060b72e0       0x20 f:/repo/joengine-master/compiler/sh_coff/sh-coff/bin/../lib/gcc/sh-coff/4.0-GNUSH_v0601\libgcc.a(_ne_df.o)
 .comment       0x060b7300       0x20 f:/repo/joengine-master/compiler/sh_coff/sh-coff/bin/../lib/gcc/sh-coff/4.0-GNUSH_v0601\libgcc.a(_lt_df.o)
 .comment       0x060b7320       0x20 f:/repo/joengine-master/compiler/sh_coff/sh-coff/bin/../lib/gcc/sh-coff/4.0-GNUSH_v0601\libgcc.a(_udivdi3.o)
 .comment       0x060b7340       0x20 f:/repo/joengine-master/compiler/sh_coff/sh-coff/bin/../lib/gcc/sh-coff/4.0-GNUSH_v0601\libgcc.a(_umoddi3.o)
 .comment       0x060b7360       0x20 f:/repo/joengine-master/compiler/sh_coff/sh-coff/bin/../lib/gcc/sh-coff/4.0-GNUSH_v0601\libgcc.a(_gt_df.o)
 .comment       0x060b7380       0x20 f:/repo/joengine-master/compiler/sh_coff/sh-coff/bin/../lib/gcc/sh-coff/4.0-GNUSH_v0601\libgcc.a(_ge_df.o)
 .comment       0x060b73a0       0x20 f:/repo/joengine-master/compiler/sh_coff/sh-coff/bin/../lib/gcc/sh-coff/4.0-GNUSH_v0601\libgcc.a(_fpcmp_parts_df.o)
 .comment       0x060b73c0       0x20 f:/repo/joengine-master/compiler/sh_coff/sh-coff/bin/../lib/gcc/sh-coff/4.0-GNUSH_v0601\libgcc.a(_clz.o)
